done d_margin
done og
done d_og
done vol_proxy
        target                       feature  k    n       b       t     q95   p_nom   p_cal  p_emp  t_exepi  by_cal_tgt  by_nom_tgt  by_cal_all8400  bonf_cal_all8400  by_nom_all8400
372   d_margin      eu_ppi_dom_c105_idx__yoy  6   95  0.0680  5.1596  2.6712  0.0000  0.0002  0.001   5.5321      0.2370      0.0042          0.1207               1.0          0.0013
188   d_margin     se_ppi_food_hmpi_idx__yoy  6  102  0.0694  4.7722  2.6914  0.0000  0.0005  0.001   4.7242      0.5460      0.0096          0.2823               1.0          0.0039
399   d_margin      eu_ppi_dom_c107_idx__yoy  5   96  0.0878  4.4701  2.6535  0.0000  0.0010  0.003   5.5170      0.6225      0.0236          0.4062               1.0          0.0097
160   d_margin               se_cpi_idx__yoy  6  102  0.1505  4.1776  2.4029  0.0001  0.0007  0.001   4.3224      0.5460      0.0463          0.3166               1.0          0.0225
317   d_margin        se_real_wage_yoy_q__d4  0  102  0.2139  4.1756  2.5718  0.0001  0.0015  0.002   4.0640      0.7204      0.0463          0.5489               1.0          0.0226
428   d_margin  eu_ppi_dom_food_mfg_idx__yoy  6   95  0.0648  4.1699  2.6858  0.0001  0.0023  0.002   4.2021      0.8140      0.0463          0.6957               1.0          0.0239
776   d_margin                     w_cpi_yoy  6  102  0.1524  4.1384  2.3536  0.0001  0.0006  0.001   4.0251      0.5460      0.0465          0.3020               1.0          0.0251
1127  d_margin       nw_retail_food_vol_dyoy  0   97  0.1580  4.0549  2.4166  0.0001  0.0010  0.002   2.5137      0.6225      0.0512          0.4185               1.0          0.0321
1140  d_margin               nw_food_ppi_yoy  6   95  0.0758  4.0208  2.6979  0.0001  0.0035  0.003   3.8311      0.9939      0.0512          0.8858               1.0          0.0358
357   d_margin      eu_ppi_dom_c103_idx__yoy  5   96  0.0914  4.0106  2.4856  0.0001  0.0016  0.005   4.2292      0.7204      0.0512          0.5713               1.0          0.0367
371   d_margin      eu_ppi_dom_c105_idx__yoy  5   96  0.0602  4.0074  2.5878  0.0001  0.0024  0.005   4.4860      0.8140      0.0512          0.7064               1.0          0.0368
187   d_margin     se_ppi_food_hmpi_idx__yoy  5  102  0.0786  3.9207  2.5810  0.0002  0.0029  0.004   4.3286      0.9262      0.0626          0.7822               1.0          0.0457
775   d_margin                     w_cpi_yoy  5  102  0.1475  3.8994  2.2310  0.0002  0.0006  0.002   4.6989      0.5460      0.0652          0.3057               1.0          0.0480
343   d_margin         ea_hicp_food_idx__yoy  5   96  0.0927  3.8744  2.4320  0.0002  0.0018  0.004   4.0583      0.7770      0.0713          0.6011               1.0          0.0534
916   d_margin                w_food_ppi_yoy  6   95  0.0710  3.7780  2.7134  0.0003  0.0064  0.006   3.7228      1.0000      0.0943          1.0000               1.0          0.0697
d_margin positive-sign, k>=4 rows passing BY(cal, 8400)<0.10: 0  within-target BY(cal)<0.10: 0
                       feature  k                 sample  L      b      t      n    q95  p_cal  p_boot
0     eu_ppi_dom_c105_idx__yoy  6                   full  4  0.068  5.160   95.0    NaN    NaN     NaN
1     eu_ppi_dom_c105_idx__yoy  6                   full  8  0.068  5.537   95.0    NaN    NaN     NaN
2     eu_ppi_dom_c105_idx__yoy  6                  exepi  4  0.062  5.532   85.0    NaN    NaN     NaN
3     eu_ppi_dom_c105_idx__yoy  6                  exepi  8  0.062  5.884   85.0    NaN    NaN     NaN
4     eu_ppi_dom_c105_idx__yoy  6           exepi+execho  4  0.065  3.363   78.0    NaN    NaN     NaN
5     eu_ppi_dom_c105_idx__yoy  6           exepi+execho  8  0.065  3.684   78.0    NaN    NaN     NaN
6     eu_ppi_dom_c105_idx__yoy  6                 ex0709  4  0.066  5.200   83.0    NaN    NaN     NaN
7     eu_ppi_dom_c105_idx__yoy  6                 ex0709  8  0.066  5.590   83.0    NaN    NaN     NaN
8     eu_ppi_dom_c105_idx__yoy  6    exepi+execho+ex0709  4  0.066  2.815   66.0    NaN    NaN     NaN
9     eu_ppi_dom_c105_idx__yoy  6    exepi+execho+ex0709  8  0.066  3.130   66.0    NaN    NaN     NaN
10    eu_ppi_dom_c105_idx__yoy  6                pre2020  4  0.065  3.347   69.0    NaN    NaN     NaN
11    eu_ppi_dom_c105_idx__yoy  6                pre2020  8  0.065  3.689   69.0    NaN    NaN     NaN
12    eu_ppi_dom_c105_idx__yoy  6               post2008  4  0.062  4.912   74.0    NaN    NaN     NaN
13    eu_ppi_dom_c105_idx__yoy  6               post2008  8  0.062  4.849   74.0    NaN    NaN     NaN
14    eu_ppi_dom_c105_idx__yoy  6  post2008+exepi+execho  4  0.056  2.969   57.0    NaN    NaN     NaN
15    eu_ppi_dom_c105_idx__yoy  6  post2008+exepi+execho  8  0.056  3.027   57.0    NaN    NaN     NaN
16    eu_ppi_dom_c105_idx__yoy  6                excovid  4  0.066  5.290   87.0    NaN    NaN     NaN
17    eu_ppi_dom_c105_idx__yoy  6                excovid  8  0.066  5.909   87.0    NaN    NaN     NaN
18    eu_ppi_dom_c105_idx__yoy  6                exbreak  4  0.062  5.956   76.0    NaN    NaN     NaN
19    eu_ppi_dom_c105_idx__yoy  6                exbreak  8  0.062  5.847   76.0    NaN    NaN     NaN
20    eu_ppi_dom_c105_idx__yoy  6            full+ownlag  4  0.071  4.508   95.0    NaN    NaN     NaN
21    eu_ppi_dom_c105_idx__yoy  6  full+marginlevel_lags  4  0.067  4.990   95.0    NaN    NaN     NaN
22    eu_ppi_dom_c105_idx__yoy  6   exepi+execho|placebo  4    NaN  3.363    NaN  2.603  0.011     NaN
23    eu_ppi_dom_c105_idx__yoy  6              full|mbb8  0  0.068  3.743    NaN    NaN    NaN   0.001
24    eu_ppi_dom_c105_idx__yoy  6      exepi+execho|mbb8  0  0.065  2.715    NaN    NaN    NaN   0.008
25   se_ppi_food_hmpi_idx__yoy  6                   full  4  0.069  4.772  102.0    NaN    NaN     NaN
26   se_ppi_food_hmpi_idx__yoy  6                   full  8  0.069  5.602  102.0    NaN    NaN     NaN
27   se_ppi_food_hmpi_idx__yoy  6                  exepi  4  0.070  4.724   92.0    NaN    NaN     NaN
28   se_ppi_food_hmpi_idx__yoy  6                  exepi  8  0.070  5.093   92.0    NaN    NaN     NaN
29   se_ppi_food_hmpi_idx__yoy  6           exepi+execho  4  0.084  2.814   85.0    NaN    NaN     NaN
30   se_ppi_food_hmpi_idx__yoy  6           exepi+execho  8  0.084  3.011   85.0    NaN    NaN     NaN
31   se_ppi_food_hmpi_idx__yoy  6                 ex0709  4  0.061  5.132   90.0    NaN    NaN     NaN
32   se_ppi_food_hmpi_idx__yoy  6                 ex0709  8  0.061  5.669   90.0    NaN    NaN     NaN
33   se_ppi_food_hmpi_idx__yoy  6    exepi+execho+ex0709  4  0.066  2.294   73.0    NaN    NaN     NaN
34   se_ppi_food_hmpi_idx__yoy  6    exepi+execho+ex0709  8  0.066  2.394   73.0    NaN    NaN     NaN
35   se_ppi_food_hmpi_idx__yoy  6                pre2020  4  0.089  2.990   76.0    NaN    NaN     NaN
36   se_ppi_food_hmpi_idx__yoy  6                pre2020  8  0.089  3.219   76.0    NaN    NaN     NaN
37   se_ppi_food_hmpi_idx__yoy  6               post2008  4  0.058  3.965   74.0    NaN    NaN     NaN
38   se_ppi_food_hmpi_idx__yoy  6               post2008  8  0.058  4.378   74.0    NaN    NaN     NaN
39   se_ppi_food_hmpi_idx__yoy  6  post2008+exepi+execho  4  0.053  2.108   57.0    NaN    NaN     NaN
40   se_ppi_food_hmpi_idx__yoy  6  post2008+exepi+execho  8  0.053  2.059   57.0    NaN    NaN     NaN
41   se_ppi_food_hmpi_idx__yoy  6                excovid  4  0.069  4.793   94.0    NaN    NaN     NaN
42   se_ppi_food_hmpi_idx__yoy  6                excovid  8  0.069  5.559   94.0    NaN    NaN     NaN
43   se_ppi_food_hmpi_idx__yoy  6                exbreak  4  0.067  7.089   83.0    NaN    NaN     NaN
44   se_ppi_food_hmpi_idx__yoy  6                exbreak  8  0.067  7.736   83.0    NaN    NaN     NaN
45   se_ppi_food_hmpi_idx__yoy  6            full+ownlag  4  0.067  3.549   95.0    NaN    NaN     NaN
46   se_ppi_food_hmpi_idx__yoy  6  full+marginlevel_lags  4  0.075  4.765   99.0    NaN    NaN     NaN
47   se_ppi_food_hmpi_idx__yoy  6   exepi+execho|placebo  4    NaN  2.814    NaN  2.307  0.017     NaN
48   se_ppi_food_hmpi_idx__yoy  6              full|mbb8  0  0.069  2.855    NaN    NaN    NaN   0.024
49   se_ppi_food_hmpi_idx__yoy  6      exepi+execho|mbb8  0  0.084  2.095    NaN    NaN    NaN   0.021
50    eu_ppi_dom_c107_idx__yoy  5                   full  4  0.088  4.470   96.0    NaN    NaN     NaN
51    eu_ppi_dom_c107_idx__yoy  5                   full  8  0.088  4.485   96.0    NaN    NaN     NaN
52    eu_ppi_dom_c107_idx__yoy  5                  exepi  4  0.079  5.517   86.0    NaN    NaN     NaN
53    eu_ppi_dom_c107_idx__yoy  5                  exepi  8  0.079  5.406   86.0    NaN    NaN     NaN
54    eu_ppi_dom_c107_idx__yoy  5           exepi+execho  4  0.100  3.352   79.0    NaN    NaN     NaN
55    eu_ppi_dom_c107_idx__yoy  5           exepi+execho  8  0.100  3.409   79.0    NaN    NaN     NaN
56    eu_ppi_dom_c107_idx__yoy  5                 ex0709  4  0.079  4.400   84.0    NaN    NaN     NaN
57    eu_ppi_dom_c107_idx__yoy  5                 ex0709  8  0.079  4.497   84.0    NaN    NaN     NaN
58    eu_ppi_dom_c107_idx__yoy  5    exepi+execho+ex0709  4  0.092  2.296   67.0    NaN    NaN     NaN
59    eu_ppi_dom_c107_idx__yoy  5    exepi+execho+ex0709  8  0.092  2.398   67.0    NaN    NaN     NaN
60    eu_ppi_dom_c107_idx__yoy  5                pre2020  4  0.098  3.351   70.0    NaN    NaN     NaN
61    eu_ppi_dom_c107_idx__yoy  5                pre2020  8  0.098  3.338   70.0    NaN    NaN     NaN
62    eu_ppi_dom_c107_idx__yoy  5               post2008  4  0.077  4.124   74.0    NaN    NaN     NaN
63    eu_ppi_dom_c107_idx__yoy  5               post2008  8  0.077  4.193   74.0    NaN    NaN     NaN
64    eu_ppi_dom_c107_idx__yoy  5  post2008+exepi+execho  4  0.085  2.807   57.0    NaN    NaN     NaN
65    eu_ppi_dom_c107_idx__yoy  5  post2008+exepi+execho  8  0.085  3.199   57.0    NaN    NaN     NaN
66    eu_ppi_dom_c107_idx__yoy  5                excovid  4  0.083  4.652   88.0    NaN    NaN     NaN
67    eu_ppi_dom_c107_idx__yoy  5                excovid  8  0.083  5.016   88.0    NaN    NaN     NaN
68    eu_ppi_dom_c107_idx__yoy  5                exbreak  4  0.073  4.643   77.0    NaN    NaN     NaN
69    eu_ppi_dom_c107_idx__yoy  5                exbreak  8  0.073  4.852   77.0    NaN    NaN     NaN
70    eu_ppi_dom_c107_idx__yoy  5            full+ownlag  4  0.078  3.385   96.0    NaN    NaN     NaN
71    eu_ppi_dom_c107_idx__yoy  5  full+marginlevel_lags  4  0.082  4.278   96.0    NaN    NaN     NaN
72    eu_ppi_dom_c107_idx__yoy  5   exepi+execho|placebo  4    NaN  3.352    NaN  2.369  0.006     NaN
73    eu_ppi_dom_c107_idx__yoy  5              full|mbb8  0  0.088  1.955    NaN    NaN    NaN   0.003
74    eu_ppi_dom_c107_idx__yoy  5      exepi+execho|mbb8  0  0.100  1.608    NaN    NaN    NaN   0.035
75             se_cpi_idx__yoy  6                   full  4  0.151  4.178  102.0    NaN    NaN     NaN
76             se_cpi_idx__yoy  6                   full  8  0.151  3.933  102.0    NaN    NaN     NaN
77             se_cpi_idx__yoy  6                  exepi  4  0.143  4.322   92.0    NaN    NaN     NaN
78             se_cpi_idx__yoy  6                  exepi  8  0.143  3.936   92.0    NaN    NaN     NaN
79             se_cpi_idx__yoy  6           exepi+execho  4  0.273  2.723   85.0    NaN    NaN     NaN
80             se_cpi_idx__yoy  6           exepi+execho  8  0.273  2.636   85.0    NaN    NaN     NaN
81             se_cpi_idx__yoy  6                 ex0709  4  0.133  4.394   90.0    NaN    NaN     NaN
82             se_cpi_idx__yoy  6                 ex0709  8  0.133  4.238   90.0    NaN    NaN     NaN
83             se_cpi_idx__yoy  6    exepi+execho+ex0709  4  0.228  2.081   73.0    NaN    NaN     NaN
84             se_cpi_idx__yoy  6    exepi+execho+ex0709  8  0.228  2.108   73.0    NaN    NaN     NaN
85             se_cpi_idx__yoy  6                pre2020  4  0.275  2.587   76.0    NaN    NaN     NaN
86             se_cpi_idx__yoy  6                pre2020  8  0.275  2.537   76.0    NaN    NaN     NaN
87             se_cpi_idx__yoy  6               post2008  4  0.132  3.690   74.0    NaN    NaN     NaN
88             se_cpi_idx__yoy  6               post2008  8  0.132  3.557   74.0    NaN    NaN     NaN
89             se_cpi_idx__yoy  6  post2008+exepi+execho  4  0.258  2.619   57.0    NaN    NaN     NaN
90             se_cpi_idx__yoy  6  post2008+exepi+execho  8  0.258  2.674   57.0    NaN    NaN     NaN
91             se_cpi_idx__yoy  6                excovid  4  0.139  4.424   94.0    NaN    NaN     NaN
92             se_cpi_idx__yoy  6                excovid  8  0.139  4.296   94.0    NaN    NaN     NaN
93             se_cpi_idx__yoy  6                exbreak  4  0.140  3.954   83.0    NaN    NaN     NaN
94             se_cpi_idx__yoy  6                exbreak  8  0.140  3.636   83.0    NaN    NaN     NaN
95             se_cpi_idx__yoy  6            full+ownlag  4  0.152  3.353   95.0    NaN    NaN     NaN
96             se_cpi_idx__yoy  6  full+marginlevel_lags  4  0.150  4.161   99.0    NaN    NaN     NaN
97             se_cpi_idx__yoy  6   exepi+execho|placebo  4    NaN  2.723    NaN  2.106  0.011     NaN
98             se_cpi_idx__yoy  6              full|mbb8  0  0.151  1.633    NaN    NaN    NaN   0.006
99             se_cpi_idx__yoy  6      exepi+execho|mbb8  0  0.273  2.417    NaN    NaN    NaN   0.015
100             w_food_ppi_yoy  6                   full  4  0.071  3.778   95.0    NaN    NaN     NaN
101             w_food_ppi_yoy  6                   full  8  0.071  3.746   95.0    NaN    NaN     NaN
102             w_food_ppi_yoy  6                  exepi  4  0.063  3.723   85.0    NaN    NaN     NaN
103             w_food_ppi_yoy  6                  exepi  8  0.063  3.653   85.0    NaN    NaN     NaN
104             w_food_ppi_yoy  6           exepi+execho  4  0.075  1.165   78.0    NaN    NaN     NaN
105             w_food_ppi_yoy  6           exepi+execho  8  0.075  1.103   78.0    NaN    NaN     NaN
106             w_food_ppi_yoy  6                 ex0709  4  0.059  3.497   83.0    NaN    NaN     NaN
107             w_food_ppi_yoy  6                 ex0709  8  0.059  3.388   83.0    NaN    NaN     NaN
108             w_food_ppi_yoy  6    exepi+execho+ex0709  4  0.016  0.231   66.0    NaN    NaN     NaN
109             w_food_ppi_yoy  6    exepi+execho+ex0709  8  0.016  0.230   66.0    NaN    NaN     NaN
110             w_food_ppi_yoy  6                pre2020  4  0.110  1.714   69.0    NaN    NaN     NaN
111             w_food_ppi_yoy  6                pre2020  8  0.110  1.648   69.0    NaN    NaN     NaN
112             w_food_ppi_yoy  6               post2008  4  0.061  3.160   74.0    NaN    NaN     NaN
113             w_food_ppi_yoy  6               post2008  8  0.061  3.093   74.0    NaN    NaN     NaN
114             w_food_ppi_yoy  6  post2008+exepi+execho  4  0.026  0.430   57.0    NaN    NaN     NaN
115             w_food_ppi_yoy  6  post2008+exepi+execho  8  0.026  0.399   57.0    NaN    NaN     NaN
116             w_food_ppi_yoy  6                excovid  4  0.076  3.984   87.0    NaN    NaN     NaN
117             w_food_ppi_yoy  6                excovid  8  0.076  3.964   87.0    NaN    NaN     NaN
118             w_food_ppi_yoy  6                exbreak  4  0.057  4.962   76.0    NaN    NaN     NaN
119             w_food_ppi_yoy  6                exbreak  8  0.057  5.297   76.0    NaN    NaN     NaN
120             w_food_ppi_yoy  6            full+ownlag  4  0.067  2.999   95.0    NaN    NaN     NaN
121             w_food_ppi_yoy  6  full+marginlevel_lags  4  0.071  3.608   95.0    NaN    NaN     NaN
122             w_food_ppi_yoy  6   exepi+execho|placebo  4    NaN  1.165    NaN  2.410  0.343     NaN
123             w_food_ppi_yoy  6              full|mbb8  0  0.071  1.597    NaN    NaN    NaN   0.058
124             w_food_ppi_yoy  6      exepi+execho|mbb8  0  0.075  0.825    NaN    NaN    NaN   0.266
125           packaging_eu_yoy  6                   full  4  0.079  2.959   95.0    NaN    NaN     NaN
126           packaging_eu_yoy  6                   full  8  0.079  3.176   95.0    NaN    NaN     NaN
127           packaging_eu_yoy  6                  exepi  4  0.080  3.736   85.0    NaN    NaN     NaN
128           packaging_eu_yoy  6                  exepi  8  0.080  3.555   85.0    NaN    NaN     NaN
129           packaging_eu_yoy  6           exepi+execho  4  0.118  1.414   78.0    NaN    NaN     NaN
130           packaging_eu_yoy  6           exepi+execho  8  0.118  1.491   78.0    NaN    NaN     NaN
131           packaging_eu_yoy  6                 ex0709  4  0.070  2.827   83.0    NaN    NaN     NaN
132           packaging_eu_yoy  6                 ex0709  8  0.070  3.189   83.0    NaN    NaN     NaN
133           packaging_eu_yoy  6    exepi+execho+ex0709  4  0.096  0.999   66.0    NaN    NaN     NaN
134           packaging_eu_yoy  6    exepi+execho+ex0709  8  0.096  1.069   66.0    NaN    NaN     NaN
135           packaging_eu_yoy  6                pre2020  4  0.145  1.493   69.0    NaN    NaN     NaN
136           packaging_eu_yoy  6                pre2020  8  0.145  1.653   69.0    NaN    NaN     NaN
137           packaging_eu_yoy  6               post2008  4  0.079  2.722   74.0    NaN    NaN     NaN
138           packaging_eu_yoy  6               post2008  8  0.079  2.904   74.0    NaN    NaN     NaN
139           packaging_eu_yoy  6  post2008+exepi+execho  4  0.146  1.659   57.0    NaN    NaN     NaN
140           packaging_eu_yoy  6  post2008+exepi+execho  8  0.146  1.799   57.0    NaN    NaN     NaN
141           packaging_eu_yoy  6                excovid  4  0.070  3.038   87.0    NaN    NaN     NaN
142           packaging_eu_yoy  6                excovid  8  0.070  3.594   87.0    NaN    NaN     NaN
143           packaging_eu_yoy  6                exbreak  4  0.074  2.541   76.0    NaN    NaN     NaN
144           packaging_eu_yoy  6                exbreak  8  0.074  2.527   76.0    NaN    NaN     NaN
145           packaging_eu_yoy  6            full+ownlag  4  0.082  2.661   95.0    NaN    NaN     NaN
146           packaging_eu_yoy  6  full+marginlevel_lags  4  0.074  2.935   95.0    NaN    NaN     NaN
147           packaging_eu_yoy  6   exepi+execho|placebo  4    NaN  1.414    NaN  2.464  0.261     NaN
148           packaging_eu_yoy  6              full|mbb8  0  0.079  1.049    NaN    NaN    NaN   0.004
149           packaging_eu_yoy  6      exepi+execho|mbb8  0  0.118  1.252    NaN    NaN    NaN   0.091
top contributing quarters to cov(d_margin, c105 lag k=6):
period
2024Q2    0.160
2024Q3    0.126
2010Q1    0.061
2024Q4    0.054
2011Q3    0.049
2011Q2    0.048
2007Q2    0.047
2007Q3    0.037
2012Q3    0.036
2012Q4    0.036
2024Q1    0.036
2021Q2    0.034
Freq: Q-DEC
2008Q1 2009Q4 share 0.032
2021Q3 2023Q4 share 0.118
2022Q4 2025Q3 share 0.419
2011Q1 2013Q4 share 0.176
h 0 chosen features (counts): {'us_ppi_corrugated_boxes_idx__dyoy|k7': 39, 'se_nier_food_mfg_sell_price_exp__lvl|k7': 14, 'se_nier_food_mfg_sell_price_exp__d4|k7': 6, 'se_gov_bond_10y__d4|k7': 5, 'us_ppi_corrugated_boxes_idx__dyoy|k6': 2}
h 1 chosen features (counts): {'us_ppi_corrugated_boxes_idx__dyoy|k7': 39, 'se_nier_food_mfg_sell_price_exp__lvl|k7': 14, 'se_nier_food_mfg_sell_price_exp__d4|k7': 7, 'se_gov_bond_10y__d4|k7': 4, 'us_ppi_corrugated_boxes_idx__dyoy|k6': 2}
h 2 chosen features (counts): {'us_ppi_corrugated_boxes_idx__dyoy|k7': 39, 'se_nier_food_mfg_sell_price_exp__lvl|k7': 15, 'se_nier_food_mfg_sell_price_exp__d4|k7': 7, 'se_gov_bond_10y__d4|k7': 3, 'us_ppi_corrugated_boxes_idx__dyoy|k6': 2}
h 4 chosen features (counts): {'us_ppi_corrugated_boxes_idx__dyoy|k7': 42, 'se_nier_food_mfg_sell_price_exp__lvl|k7': 16, 'se_gov_bond_10y__d4|k7': 4, 'se_nier_food_mfg_sell_price_exp__d4|k7': 4}
                                               cw_p                      ratio                    
eval                                          exepi exepi+echo full2010  exepi exepi+echo full2010
model                                      h                                                      
AR+cost_idx_calib_yoy[lag5-7]              0  0.231      0.431    0.614  0.997      1.002    1.006
                                           1  0.234      0.401    0.782  0.999      1.003    1.013
                                           2  0.260      0.499    0.686  1.000      1.008    1.013
                                           4  0.527      0.769    0.876  1.009      1.015    1.021
AR+cost_idx_calib_yoy[short+lag5-7]        0  0.202      0.201    0.189  1.004      1.002    0.983
                                           1  0.114      0.242    0.143  0.993      1.000    0.984
                                           2  0.147      0.368    0.059  0.994      1.013    0.974
                                           4  0.230      0.752    0.219  1.000      1.028    1.002
AR+eu_ppi_dom_c105_idx__yoy[lag5-7]        0  0.015      0.010    0.057  0.976      0.993    0.999
                                           1  0.019      0.015    0.043  0.969      0.997    1.003
                                           2  0.026      0.014    0.029  0.970      1.006    1.000
                                           4  0.033      0.025    0.027  0.961      0.989    0.984
AR+eu_ppi_dom_c105_idx__yoy[short+lag5-7]  0  0.045      0.093    0.150  0.995      1.006    1.010
                                           1  0.020      0.010    0.054  0.985      1.010    1.012
                                           2  0.039      0.022    0.033  0.992      1.031    1.004
                                           4  0.022      0.058    0.018  0.976      1.010    0.984
AR+eu_ppi_dom_c107_idx__yoy[lag5-7]        0  0.061      0.144    0.104  1.009      1.026    1.022
                                           1  0.049      0.118    0.057  1.018      1.049    1.038
                                           2  0.047      0.106    0.035  1.030      1.068    1.036
                                           4  0.051      0.134    0.043  1.036      1.042    1.035
AR+eu_ppi_dom_c107_idx__yoy[short+lag5-7]  0  0.092      0.221    0.125  1.024      1.040    1.035
                                           1  0.057      0.145    0.093  1.030      1.057    1.048
                                           2  0.046      0.125    0.034  1.065      1.100    1.041
                                           4  0.074      0.148    0.069  1.404      1.434    1.274
AR+nw_food_ppi_yoy[lag5-7]                 0  0.080      0.204    0.306  0.983      0.995    1.009
                                           1  0.074      0.207    0.302  0.970      0.986    1.027
                                           2  0.106      0.309    0.145  0.974      0.995    1.023
                                           4  0.213      0.726    0.265  1.052      1.053    1.067
AR+nw_food_ppi_yoy[short+lag5-7]           0  0.111      0.281    0.153  0.992      1.008    1.018
                                           1  0.090      0.247    0.307  0.976      0.998    1.055
                                           2  0.121      0.408    0.134  0.989      1.009    1.005
                                           4  0.143      0.593    0.207  1.042      1.035    1.082
AR+packaging_eu_yoy[lag5-7]                0  0.110      0.191    0.533  0.989      0.993    1.015
                                           1  0.258      0.400    0.614  0.996      1.003    1.043
                                           2  0.185      0.425    0.417  0.995      1.006    1.052
                                           4  0.055      0.075    0.409  0.977      0.980    1.086
AR+packaging_eu_yoy[short+lag5-7]          0  0.125      0.265    0.143  1.005      1.025    1.011
                                           1  0.129      0.343    0.101  1.054      1.058    1.054
                                           2  0.127      0.387    0.050  1.108      1.050    1.032
                                           4  0.116      0.345    0.196  1.076      1.026    1.139
AR+raw_mat_wloc_yoy[lag5-7]                0  0.357      0.564    0.763  1.000      1.003    1.007
                                           1  0.503      0.652    0.921  1.005      1.007    1.015
                                           2  0.523      0.746    0.865  1.007      1.013    1.016
                                           4  0.740      0.853    0.944  1.014      1.018    1.020
AR+raw_mat_wloc_yoy[short+lag5-7]          0  0.424      0.432    0.244  1.007      1.006    0.991
                                           1  0.221      0.435    0.213  1.002      1.009    0.994
                                           2  0.219      0.574    0.105  1.002      1.020    0.988
                                           4  0.314      0.875    0.311  1.006      1.033    1.006
AR+realtime_selected_best_lag5-7           0  0.025      0.016    0.099  1.000      0.984    1.017
                                           1  0.030      0.018    0.029  1.007      0.964    1.013
                                           2  0.042      0.014    0.032  1.026      0.970    1.019
                                           4  0.101      0.029    0.110  1.026      0.943    1.029
AR+se_cpi_idx__yoy[lag5-7]                 0  0.020      0.050    0.113  0.993      1.007    1.023
                                           1  0.013      0.028    0.056  0.990      1.011    1.045
                                           2  0.019      0.020    0.032  0.995      1.015    1.047
                                           4  0.026      0.020    0.036  1.024      0.996    1.060
AR+se_cpi_idx__yoy[short+lag5-7]           0  0.013      0.028    0.050  1.008      1.012    0.996
                                           1  0.018      0.028    0.014  1.010      1.015    1.032
                                           2  0.024      0.022    0.008  1.023      1.017    0.991
                                           4  0.025      0.061    0.029  1.081      1.041    1.078
AR+se_ppi_food_hmpi_idx__yoy[lag5-7]       0  0.018      0.038    0.198  0.964      0.979    1.004
                                           1  0.019      0.047    0.158  0.936      0.960    1.008
                                           2  0.026      0.054    0.087  0.918      0.951    0.997
                                           4  0.038      0.075    0.093  0.941      0.960    1.003
AR+se_ppi_food_hmpi_idx__yoy[short+lag5-7] 0  0.038      0.083    0.136  0.980      0.994    1.014
                                           1  0.031      0.074    0.229  0.948      0.975    1.023
                                           2  0.038      0.071    0.089  0.927      0.963    0.989
                                           4  0.044      0.111    0.080  0.968      0.989    1.020
AR+w_food_cpi_xvat_yoy[lag5-7]             0  0.175      0.409    0.249  1.012      1.028    1.024
                                           1  0.135      0.345    0.191  1.023      1.046    1.049
                                           2  0.099      0.281    0.092  1.048      1.052    1.052
                                           4  0.100      0.292    0.088  1.120      1.054    1.086
AR+w_food_cpi_xvat_yoy[short+lag5-7]       0  0.187      0.436    0.221  1.022      1.038    1.050
                                           1  0.138      0.361    0.336  1.031      1.052    1.086
                                           2  0.100      0.292    0.100  1.070      1.058    1.074
                                           4  0.110      0.315    0.106  1.158      1.055    1.164
AR+w_food_ppi_yoy[lag5-7]                  0  0.115      0.288    0.321  0.989      1.004    1.015
                                           1  0.090      0.244    0.272  0.983      0.999    1.044
                                           2  0.103      0.279    0.111  1.002      1.002    1.050
                                           4  0.144      0.536    0.158  1.065      1.026    1.080
AR+w_food_ppi_yoy[short+lag5-7]            0  0.143      0.365    0.170  1.001      1.018    1.025
                                           1  0.104      0.287    0.251  1.003      1.015    1.076
                                           2  0.115      0.336    0.110  1.039      1.018    1.035
                                           4  0.115      0.368    0.166  1.078      1.030    1.136
