text theme columns with fx/sek: ['fx_weak', 'fx_strong', 'fx_translation']
h=0 2015+: best [['no_govbond_10y__d4', 0.878, 0.057, 1.0], ['w_gov10y_d4', 0.892, 0.079, 1.0], ['eu_ppi_plastic_products_idx__yoy', 0.914, 0.082, 1.0]]  share ratio<1: 0.36  n BY<0.1: 0
h=0 excovid+exepi: best [['eu_ppi_plastic_products_idx__dyoy', 0.954, 0.014, 1.0], ['packaging_eu_dyoy', 0.958, 0.019, 1.0], ['eu_ppi_dom_c106_idx__dyoy', 0.959, 0.039, 1.0]]  share ratio<1: 0.37  n BY<0.1: 0
h=0 exepi: best [['se_retail_grocery_vol_sa_idx__dyoy', 0.944, 0.019, 1.0], ['eu_ppi_plastic_products_idx__dyoy', 0.949, 0.004, 1.0], ['se_cpi_idx__dyoy', 0.949, 0.015, 1.0]]  share ratio<1: 0.37  n BY<0.1: 0
h=0 full2010: best [['no_govbond_10y__d4', 0.931, 0.048, 1.0], ['w_gov10y_d4', 0.934, 0.063, 1.0], ['us_ppi_corrugated_boxes_idx__yoy', 0.946, 0.035, 1.0]]  share ratio<1: 0.35  n BY<0.1: 0
h=1 2015+: best [['eu_ppi_plastic_products_idx__yoy', 0.842, 0.073, 1.0], ['us_ppi_corrugated_boxes_idx__yoy', 0.861, 0.055, 1.0], ['us_ppi_corrugated_boxes_idx__dyoy', 0.898, 0.035, 1.0]]  share ratio<1: 0.35  n BY<0.1: 0
h=1 excovid+exepi: best [['w_gdp_vol_yoy', 0.925, 0.021, 1.0], ['us_ppi_corrugated_boxes_idx__dyoy', 0.943, 0.017, 1.0], ['glob_fao_cereals_idx__yoy', 0.95, 0.024, 1.0]]  share ratio<1: 0.41  n BY<0.1: 0
h=1 exepi: best [['us_ppi_corrugated_boxes_idx__dyoy', 0.939, 0.01, 1.0], ['glob_fao_cereals_idx__yoy', 0.947, 0.016, 1.0], ['us_ppi_corrugated_boxes_idx__yoy', 0.956, 0.036, 1.0]]  share ratio<1: 0.4  n BY<0.1: 0
h=1 full2010: best [['no_govbond_10y__d4', 0.901, 0.023, 1.0], ['us_ppi_corrugated_boxes_idx__yoy', 0.902, 0.029, 1.0], ['w_gov10y_d4', 0.904, 0.022, 1.0]]  share ratio<1: 0.31  n BY<0.1: 0
h=2 2015+: best [['us_ppi_corrugated_boxes_idx__dyoy', 0.869, 0.032, 1.0], ['us_ppi_corrugated_boxes_idx__yoy', 0.869, 0.049, 1.0], ['se_cpi_idx__dyoy', 0.892, 0.018, 1.0]]  share ratio<1: 0.39  n BY<0.1: 0
h=2 excovid+exepi: best [['no_jordbruk_malpris_mnok__lvl', 0.913, 0.07, 1.0], ['no_ssb_bts_consgoods_home_price_exp__d4', 0.934, 0.035, 1.0], ['glob_fao_cereals_idx__dyoy', 0.935, 0.031, 1.0]]  share ratio<1: 0.35  n BY<0.1: 0
h=2 exepi: best [['glob_fao_cereals_idx__dyoy', 0.932, 0.023, 1.0], ['w_retail_total_vol_yoy', 0.935, 0.02, 1.0], ['glob_fao_cereals_idx__yoy', 0.938, 0.018, 1.0]]  share ratio<1: 0.31  n BY<0.1: 0
h=2 full2010: best [['us_ppi_corrugated_boxes_idx__dyoy', 0.905, 0.015, 1.0], ['w_gov10y_d4', 0.914, 0.024, 1.0], ['no_govbond_10y__d4', 0.92, 0.036, 1.0]]  share ratio<1: 0.3  n BY<0.1: 0
missing null candidates: [] ['glob_wb_natgas_eu__yoy', 'glob_wb_natgas_eu__dyoy', 'natgas_eu_eur_yoy', 'natgas_eu_eur_dyoy']
      claim                                                                  test       b       t      n     q95   p_cal   p_emp  p_boot   ci_lo   ci_hi  p_circ  t_ctrl  rmse_b  rmse_m   ratio  r2_vs_b    cw_t    cw_p  n_flag  eursek_flag  eursek_noflag     sd_x   b_1sd
0        M4                                            w_gov10y_d4|coin|full|HAC4 -0.9336 -5.0559  102.0     NaN     NaN     NaN     NaN     NaN     NaN     NaN     NaN     NaN     NaN     NaN      NaN     NaN     NaN     NaN          NaN            NaN      NaN     NaN
1        M4                                            w_gov10y_d4|coin|full|HAC8 -0.9336 -5.1833  102.0     NaN     NaN     NaN     NaN     NaN     NaN     NaN     NaN     NaN     NaN     NaN      NaN     NaN     NaN     NaN          NaN            NaN      NaN     NaN
2        M4                                         w_gov10y_d4|coin|full|placebo     NaN -5.0559    NaN  2.3403  0.0000  0.0005     NaN     NaN     NaN     NaN     NaN     NaN     NaN     NaN      NaN     NaN     NaN     NaN          NaN            NaN      NaN     NaN
3        M4                                            w_gov10y_d4|coin|full|mbb8 -0.9336 -4.5155    NaN     NaN     NaN     NaN   0.000 -1.3123 -0.4961     NaN     NaN     NaN     NaN     NaN      NaN     NaN     NaN     NaN          NaN            NaN      NaN     NaN
4        M4                                           w_gov10y_d4|coin|exepi|HAC4 -0.8300 -3.0370   92.0     NaN     NaN     NaN     NaN     NaN     NaN     NaN     NaN     NaN     NaN     NaN      NaN     NaN     NaN     NaN          NaN            NaN      NaN     NaN
5        M4                                           w_gov10y_d4|coin|exepi|HAC8 -0.8300 -3.1672   92.0     NaN     NaN     NaN     NaN     NaN     NaN     NaN     NaN     NaN     NaN     NaN      NaN     NaN     NaN     NaN          NaN            NaN      NaN     NaN
6        M4                                        w_gov10y_d4|coin|exepi|placebo     NaN -3.0370    NaN  2.2982  0.0096  0.0100     NaN     NaN     NaN     NaN     NaN     NaN     NaN     NaN      NaN     NaN     NaN     NaN          NaN            NaN      NaN     NaN
7        M4                                           w_gov10y_d4|coin|exepi|mbb8 -0.8300 -3.1705    NaN     NaN     NaN     NaN   0.000 -1.3609 -0.3577     NaN     NaN     NaN     NaN     NaN      NaN     NaN     NaN     NaN          NaN            NaN      NaN     NaN
8        M4                                         w_gov10y_d4|coin|excovid|HAC4 -0.8604 -4.7032   94.0     NaN     NaN     NaN     NaN     NaN     NaN     NaN     NaN     NaN     NaN     NaN      NaN     NaN     NaN     NaN          NaN            NaN      NaN     NaN
9        M4                                         w_gov10y_d4|coin|excovid|HAC8 -0.8604 -5.0591   94.0     NaN     NaN     NaN     NaN     NaN     NaN     NaN     NaN     NaN     NaN     NaN      NaN     NaN     NaN     NaN          NaN            NaN      NaN     NaN
10       M4                                         w_gov10y_d4|coin|exbreak|HAC4 -0.6917 -2.9514   83.0     NaN     NaN     NaN     NaN     NaN     NaN     NaN     NaN     NaN     NaN     NaN      NaN     NaN     NaN     NaN          NaN            NaN      NaN     NaN
11       M4                                         w_gov10y_d4|coin|exbreak|HAC8 -0.6917 -2.7960   83.0     NaN     NaN     NaN     NaN     NaN     NaN     NaN     NaN     NaN     NaN     NaN      NaN     NaN     NaN     NaN          NaN            NaN      NaN     NaN
12       M4                                   w_gov10y_d4|coin|exepi+excovid|HAC4 -0.7623 -2.7749   86.0     NaN     NaN     NaN     NaN     NaN     NaN     NaN     NaN     NaN     NaN     NaN      NaN     NaN     NaN     NaN          NaN            NaN      NaN     NaN
13       M4                                   w_gov10y_d4|coin|exepi+excovid|HAC8 -0.7623 -2.8877   86.0     NaN     NaN     NaN     NaN     NaN     NaN     NaN     NaN     NaN     NaN     NaN      NaN     NaN     NaN     NaN          NaN            NaN      NaN     NaN
14       M4                                w_gov10y_d4|coin|exepi+excovid|placebo     NaN -2.7749    NaN  2.3049  0.0183  0.0185     NaN     NaN     NaN     NaN     NaN     NaN     NaN     NaN      NaN     NaN     NaN     NaN          NaN            NaN      NaN     NaN
15       M4                                   w_gov10y_d4|coin|exepi+excovid|mbb8 -0.7623 -2.7041    NaN     NaN     NaN     NaN   0.006 -1.3339 -0.1913     NaN     NaN     NaN     NaN     NaN      NaN     NaN     NaN     NaN          NaN            NaN      NaN     NaN
16       M4                                         w_gov10y_d4|coin|pre2020|HAC4 -0.8541 -3.0451   76.0     NaN     NaN     NaN     NaN     NaN     NaN     NaN     NaN     NaN     NaN     NaN      NaN     NaN     NaN     NaN          NaN            NaN      NaN     NaN
17       M4                                         w_gov10y_d4|coin|pre2020|HAC8 -0.8541 -3.2378   76.0     NaN     NaN     NaN     NaN     NaN     NaN     NaN     NaN     NaN     NaN     NaN      NaN     NaN     NaN     NaN          NaN            NaN      NaN     NaN
18       M4                           w_gov10y_d4|coin|exepi+excovid+exbreak|HAC4 -0.3812 -1.8941   71.0     NaN     NaN     NaN     NaN     NaN     NaN     NaN     NaN     NaN     NaN     NaN      NaN     NaN     NaN     NaN          NaN            NaN      NaN     NaN
19       M4                           w_gov10y_d4|coin|exepi+excovid+exbreak|HAC8 -0.3812 -2.0006   71.0     NaN     NaN     NaN     NaN     NaN     NaN     NaN     NaN     NaN     NaN     NaN      NaN     NaN     NaN     NaN          NaN            NaN      NaN     NaN
20       M4                                       w_gov10y_d4|coin|full|circshift     NaN -5.0559    NaN  2.1930     NaN     NaN     NaN     NaN     NaN  0.0114     NaN     NaN     NaN     NaN      NaN     NaN     NaN     NaN          NaN            NaN      NaN     NaN
21       M4                           w_gov10y_d4|coin|full|ctrl=packaging_eu_yoy -0.6642 -3.1725  102.0     NaN     NaN     NaN     NaN     NaN     NaN     NaN -3.7491     NaN     NaN     NaN      NaN     NaN     NaN     NaN          NaN            NaN      NaN     NaN
22       M4                          w_gov10y_d4|coin|exepi|ctrl=packaging_eu_yoy -0.7689 -2.9667   92.0     NaN     NaN     NaN     NaN     NaN     NaN     NaN -3.0927     NaN     NaN     NaN      NaN     NaN     NaN     NaN          NaN            NaN      NaN     NaN
23       M4                             w_gov10y_d4|coin|full|ctrl=w_food_ppi_yoy -0.9151 -3.3949  102.0     NaN     NaN     NaN     NaN     NaN     NaN     NaN -0.1337     NaN     NaN     NaN      NaN     NaN     NaN     NaN          NaN            NaN      NaN     NaN
24       M4                            w_gov10y_d4|coin|exepi|ctrl=w_food_ppi_yoy -0.8324 -2.9973   92.0     NaN     NaN     NaN     NaN     NaN     NaN     NaN  0.0586     NaN     NaN     NaN      NaN     NaN     NaN     NaN          NaN            NaN      NaN     NaN
25       M4           w_gov10y_d4|coin|full|ctrl=eu_ppi_plastic_products_idx__yoy -0.7001 -3.3937  102.0     NaN     NaN     NaN     NaN     NaN     NaN     NaN -3.4745     NaN     NaN     NaN      NaN     NaN     NaN     NaN          NaN            NaN      NaN     NaN
26       M4          w_gov10y_d4|coin|exepi|ctrl=eu_ppi_plastic_products_idx__yoy -0.7922 -3.0084   92.0     NaN     NaN     NaN     NaN     NaN     NaN     NaN -2.4976     NaN     NaN     NaN      NaN     NaN     NaN     NaN          NaN            NaN      NaN     NaN
27       M4                           w_gov10y_d4|coin|full|ctrl=raw_mat_wloc_yoy -0.7235 -4.5043  102.0     NaN     NaN     NaN     NaN     NaN     NaN     NaN -3.0303     NaN     NaN     NaN      NaN     NaN     NaN     NaN          NaN            NaN      NaN     NaN
28       M4                          w_gov10y_d4|coin|exepi|ctrl=raw_mat_wloc_yoy -0.7353 -3.0391   92.0     NaN     NaN     NaN     NaN     NaN     NaN     NaN -1.8573     NaN     NaN     NaN      NaN     NaN     NaN     NaN          NaN            NaN      NaN     NaN
29       M4                        w_gov10y_d4|coin|full|ctrl=w_food_cpi_xvat_yoy -1.0739 -4.1919  102.0     NaN     NaN     NaN     NaN     NaN     NaN     NaN  1.2604     NaN     NaN     NaN      NaN     NaN     NaN     NaN          NaN            NaN      NaN     NaN
30       M4                       w_gov10y_d4|coin|exepi|ctrl=w_food_cpi_xvat_yoy -0.8819 -3.2050   92.0     NaN     NaN     NaN     NaN     NaN     NaN     NaN  1.6777     NaN     NaN     NaN      NaN     NaN     NaN     NaN          NaN            NaN      NaN     NaN
31       M4                                     no_govbond_10y__d4|coin|full|HAC4 -0.9871 -4.9390  102.0     NaN     NaN     NaN     NaN     NaN     NaN     NaN     NaN     NaN     NaN     NaN      NaN     NaN     NaN     NaN          NaN            NaN      NaN     NaN
32       M4                                     no_govbond_10y__d4|coin|full|HAC8 -0.9871 -4.7789  102.0     NaN     NaN     NaN     NaN     NaN     NaN     NaN     NaN     NaN     NaN     NaN      NaN     NaN     NaN     NaN          NaN            NaN      NaN     NaN
33       M4                                  no_govbond_10y__d4|coin|full|placebo     NaN -4.9390    NaN  2.2742  0.0000  0.0005     NaN     NaN     NaN     NaN     NaN     NaN     NaN     NaN      NaN     NaN     NaN     NaN          NaN            NaN      NaN     NaN
34       M4                                     no_govbond_10y__d4|coin|full|mbb8 -0.9871 -4.5065    NaN     NaN     NaN     NaN   0.000 -1.4159 -0.5382     NaN     NaN     NaN     NaN     NaN      NaN     NaN     NaN     NaN          NaN            NaN      NaN     NaN
35       M4                                    no_govbond_10y__d4|coin|exepi|HAC4 -0.8393 -3.5012   92.0     NaN     NaN     NaN     NaN     NaN     NaN     NaN     NaN     NaN     NaN     NaN      NaN     NaN     NaN     NaN          NaN            NaN      NaN     NaN
36       M4                                    no_govbond_10y__d4|coin|exepi|HAC8 -0.8393 -3.4899   92.0     NaN     NaN     NaN     NaN     NaN     NaN     NaN     NaN     NaN     NaN     NaN      NaN     NaN     NaN     NaN          NaN            NaN      NaN     NaN
37       M4                                 no_govbond_10y__d4|coin|exepi|placebo     NaN -3.5012    NaN  2.2451  0.0022  0.0045     NaN     NaN     NaN     NaN     NaN     NaN     NaN     NaN      NaN     NaN     NaN     NaN          NaN            NaN      NaN     NaN
38       M4                                    no_govbond_10y__d4|coin|exepi|mbb8 -0.8393 -3.6544    NaN     NaN     NaN     NaN   0.000 -1.3444 -0.4405     NaN     NaN     NaN     NaN     NaN      NaN     NaN     NaN     NaN          NaN            NaN      NaN     NaN
39       M4                                  no_govbond_10y__d4|coin|excovid|HAC4 -0.9018 -4.3496   94.0     NaN     NaN     NaN     NaN     NaN     NaN     NaN     NaN     NaN     NaN     NaN      NaN     NaN     NaN     NaN          NaN            NaN      NaN     NaN
40       M4                                  no_govbond_10y__d4|coin|excovid|HAC8 -0.9018 -4.5046   94.0     NaN     NaN     NaN     NaN     NaN     NaN     NaN     NaN     NaN     NaN     NaN      NaN     NaN     NaN     NaN          NaN            NaN      NaN     NaN
41       M4                                  no_govbond_10y__d4|coin|exbreak|HAC4 -0.6917 -3.2549   83.0     NaN     NaN     NaN     NaN     NaN     NaN     NaN     NaN     NaN     NaN     NaN      NaN     NaN     NaN     NaN          NaN            NaN      NaN     NaN
42       M4                                  no_govbond_10y__d4|coin|exbreak|HAC8 -0.6917 -3.0266   83.0     NaN     NaN     NaN     NaN     NaN     NaN     NaN     NaN     NaN     NaN     NaN      NaN     NaN     NaN     NaN          NaN            NaN      NaN     NaN
43       M4                            no_govbond_10y__d4|coin|exepi+excovid|HAC4 -0.7574 -3.0668   86.0     NaN     NaN     NaN     NaN     NaN     NaN     NaN     NaN     NaN     NaN     NaN      NaN     NaN     NaN     NaN          NaN            NaN      NaN     NaN
44       M4                            no_govbond_10y__d4|coin|exepi+excovid|HAC8 -0.7574 -3.0709   86.0     NaN     NaN     NaN     NaN     NaN     NaN     NaN     NaN     NaN     NaN     NaN      NaN     NaN     NaN     NaN          NaN            NaN      NaN     NaN
45       M4                         no_govbond_10y__d4|coin|exepi+excovid|placebo     NaN -3.0668    NaN  2.2456  0.0074  0.0095     NaN     NaN     NaN     NaN     NaN     NaN     NaN     NaN      NaN     NaN     NaN     NaN          NaN            NaN      NaN     NaN
46       M4                            no_govbond_10y__d4|coin|exepi+excovid|mbb8 -0.7574 -2.8523    NaN     NaN     NaN     NaN   0.002 -1.2954 -0.2568     NaN     NaN     NaN     NaN     NaN      NaN     NaN     NaN     NaN          NaN            NaN      NaN     NaN
47       M4                                  no_govbond_10y__d4|coin|pre2020|HAC4 -0.8926 -3.6530   76.0     NaN     NaN     NaN     NaN     NaN     NaN     NaN     NaN     NaN     NaN     NaN      NaN     NaN     NaN     NaN          NaN            NaN      NaN     NaN
48       M4                                  no_govbond_10y__d4|coin|pre2020|HAC8 -0.8926 -3.8383   76.0     NaN     NaN     NaN     NaN     NaN     NaN     NaN     NaN     NaN     NaN     NaN      NaN     NaN     NaN     NaN          NaN            NaN      NaN     NaN
49       M4                    no_govbond_10y__d4|coin|exepi+excovid+exbreak|HAC4 -0.3865 -2.3749   71.0     NaN     NaN     NaN     NaN     NaN     NaN     NaN     NaN     NaN     NaN     NaN      NaN     NaN     NaN     NaN          NaN            NaN      NaN     NaN
50       M4                    no_govbond_10y__d4|coin|exepi+excovid+exbreak|HAC8 -0.3865 -2.5685   71.0     NaN     NaN     NaN     NaN     NaN     NaN     NaN     NaN     NaN     NaN     NaN      NaN     NaN     NaN     NaN          NaN            NaN      NaN     NaN
51       M4                                no_govbond_10y__d4|coin|full|circshift     NaN -4.9390    NaN  2.3799     NaN     NaN     NaN     NaN     NaN  0.0114     NaN     NaN     NaN     NaN      NaN     NaN     NaN     NaN          NaN            NaN      NaN     NaN
52       M4                    no_govbond_10y__d4|coin|full|ctrl=packaging_eu_yoy -0.7534 -3.8050  102.0     NaN     NaN     NaN     NaN     NaN     NaN     NaN -3.8775     NaN     NaN     NaN      NaN     NaN     NaN     NaN          NaN            NaN      NaN     NaN
53       M4                   no_govbond_10y__d4|coin|exepi|ctrl=packaging_eu_yoy -0.7832 -3.6214   92.0     NaN     NaN     NaN     NaN     NaN     NaN     NaN -2.8405     NaN     NaN     NaN      NaN     NaN     NaN     NaN          NaN            NaN      NaN     NaN
54       M4                      no_govbond_10y__d4|coin|full|ctrl=w_food_ppi_yoy -0.9184 -3.8616  102.0     NaN     NaN     NaN     NaN     NaN     NaN     NaN -0.7739     NaN     NaN     NaN      NaN     NaN     NaN     NaN          NaN            NaN      NaN     NaN
55       M4                     no_govbond_10y__d4|coin|exepi|ctrl=w_food_ppi_yoy -0.8397 -3.4327   92.0     NaN     NaN     NaN     NaN     NaN     NaN     NaN  0.0147     NaN     NaN     NaN      NaN     NaN     NaN     NaN          NaN            NaN      NaN     NaN
56       M4    no_govbond_10y__d4|coin|full|ctrl=eu_ppi_plastic_products_idx__yoy -0.7795 -3.8364  102.0     NaN     NaN     NaN     NaN     NaN     NaN     NaN -3.4052     NaN     NaN     NaN      NaN     NaN     NaN     NaN          NaN            NaN      NaN     NaN
57       M4   no_govbond_10y__d4|coin|exepi|ctrl=eu_ppi_plastic_products_idx__yoy -0.7995 -3.5222   92.0     NaN     NaN     NaN     NaN     NaN     NaN     NaN -2.3293     NaN     NaN     NaN      NaN     NaN     NaN     NaN          NaN            NaN      NaN     NaN
58       M4                    no_govbond_10y__d4|coin|full|ctrl=raw_mat_wloc_yoy -0.7958 -4.9480  102.0     NaN     NaN     NaN     NaN     NaN     NaN     NaN -3.2032     NaN     NaN     NaN      NaN     NaN     NaN     NaN          NaN            NaN      NaN     NaN
59       M4                   no_govbond_10y__d4|coin|exepi|ctrl=raw_mat_wloc_yoy -0.7603 -3.6867   92.0     NaN     NaN     NaN     NaN     NaN     NaN     NaN -1.8827     NaN     NaN     NaN      NaN     NaN     NaN     NaN          NaN            NaN      NaN     NaN
60       M4                 no_govbond_10y__d4|coin|full|ctrl=w_food_cpi_xvat_yoy -1.0201 -4.5192  102.0     NaN     NaN     NaN     NaN     NaN     NaN     NaN  0.4468     NaN     NaN     NaN      NaN     NaN     NaN     NaN          NaN            NaN      NaN     NaN
61       M4                no_govbond_10y__d4|coin|exepi|ctrl=w_food_cpi_xvat_yoy -0.8715 -3.6534   92.0     NaN     NaN     NaN     NaN     NaN     NaN     NaN  1.6870     NaN     NaN     NaN      NaN     NaN     NaN     NaN          NaN            NaN      NaN     NaN
62       M4                                    se_gov_bond_10y__d4|coin|full|HAC4 -0.8280 -4.0691  102.0     NaN     NaN     NaN     NaN     NaN     NaN     NaN     NaN     NaN     NaN     NaN      NaN     NaN     NaN     NaN          NaN            NaN      NaN     NaN
63       M4                                    se_gov_bond_10y__d4|coin|full|HAC8 -0.8280 -4.2425  102.0     NaN     NaN     NaN     NaN     NaN     NaN     NaN     NaN     NaN     NaN     NaN      NaN     NaN     NaN     NaN          NaN            NaN      NaN     NaN
64       M4                                 se_gov_bond_10y__d4|coin|full|placebo     NaN -4.0691    NaN  2.4004  0.0009  0.0005     NaN     NaN     NaN     NaN     NaN     NaN     NaN     NaN      NaN     NaN     NaN     NaN          NaN            NaN      NaN     NaN
65       M4                                    se_gov_bond_10y__d4|coin|full|mbb8 -0.8280 -3.8768    NaN     NaN     NaN     NaN   0.000 -1.2225 -0.3677     NaN     NaN     NaN     NaN     NaN      NaN     NaN     NaN     NaN          NaN            NaN      NaN     NaN
66       M4                                   se_gov_bond_10y__d4|coin|exepi|HAC4 -0.6912 -2.8446   92.0     NaN     NaN     NaN     NaN     NaN     NaN     NaN     NaN     NaN     NaN     NaN      NaN     NaN     NaN     NaN          NaN            NaN      NaN     NaN
67       M4                                   se_gov_bond_10y__d4|coin|exepi|HAC8 -0.6912 -2.9721   92.0     NaN     NaN     NaN     NaN     NaN     NaN     NaN     NaN     NaN     NaN     NaN      NaN     NaN     NaN     NaN          NaN            NaN      NaN     NaN
68       M4                                se_gov_bond_10y__d4|coin|exepi|placebo     NaN -2.8446    NaN  2.3258  0.0165  0.0165     NaN     NaN     NaN     NaN     NaN     NaN     NaN     NaN      NaN     NaN     NaN     NaN          NaN            NaN      NaN     NaN
69       M4                                   se_gov_bond_10y__d4|coin|exepi|mbb8 -0.6912 -2.9146    NaN     NaN     NaN     NaN   0.003 -1.1450 -0.2487     NaN     NaN     NaN     NaN     NaN      NaN     NaN     NaN     NaN          NaN            NaN      NaN     NaN
70       M4                                 se_gov_bond_10y__d4|coin|excovid|HAC4 -0.7859 -3.8924   94.0     NaN     NaN     NaN     NaN     NaN     NaN     NaN     NaN     NaN     NaN     NaN      NaN     NaN     NaN     NaN          NaN            NaN      NaN     NaN
71       M4                                 se_gov_bond_10y__d4|coin|excovid|HAC8 -0.7859 -4.2062   94.0     NaN     NaN     NaN     NaN     NaN     NaN     NaN     NaN     NaN     NaN     NaN      NaN     NaN     NaN     NaN          NaN            NaN      NaN     NaN
72       M4                                 se_gov_bond_10y__d4|coin|exbreak|HAC4 -0.5346 -2.4188   83.0     NaN     NaN     NaN     NaN     NaN     NaN     NaN     NaN     NaN     NaN     NaN      NaN     NaN     NaN     NaN          NaN            NaN      NaN     NaN
73       M4                                 se_gov_bond_10y__d4|coin|exbreak|HAC8 -0.5346 -2.3186   83.0     NaN     NaN     NaN     NaN     NaN     NaN     NaN     NaN     NaN     NaN     NaN      NaN     NaN     NaN     NaN          NaN            NaN      NaN     NaN
74       M4                           se_gov_bond_10y__d4|coin|exepi+excovid|HAC4 -0.6619 -2.6844   86.0     NaN     NaN     NaN     NaN     NaN     NaN     NaN     NaN     NaN     NaN     NaN      NaN     NaN     NaN     NaN          NaN            NaN      NaN     NaN
75       M4                           se_gov_bond_10y__d4|coin|exepi+excovid|HAC8 -0.6619 -2.7884   86.0     NaN     NaN     NaN     NaN     NaN     NaN     NaN     NaN     NaN     NaN     NaN      NaN     NaN     NaN     NaN          NaN            NaN      NaN     NaN
76       M4                        se_gov_bond_10y__d4|coin|exepi+excovid|placebo     NaN -2.6844    NaN  2.3287  0.0239  0.0255     NaN     NaN     NaN     NaN     NaN     NaN     NaN     NaN      NaN     NaN     NaN     NaN          NaN            NaN      NaN     NaN
77       M4                           se_gov_bond_10y__d4|coin|exepi+excovid|mbb8 -0.6619 -2.5937    NaN     NaN     NaN     NaN   0.009 -1.1722 -0.1529     NaN     NaN     NaN     NaN     NaN      NaN     NaN     NaN     NaN          NaN            NaN      NaN     NaN
78       M4                                 se_gov_bond_10y__d4|coin|pre2020|HAC4 -0.7351 -2.8888   76.0     NaN     NaN     NaN     NaN     NaN     NaN     NaN     NaN     NaN     NaN     NaN      NaN     NaN     NaN     NaN          NaN            NaN      NaN     NaN
79       M4                                 se_gov_bond_10y__d4|coin|pre2020|HAC8 -0.7351 -3.0419   76.0     NaN     NaN     NaN     NaN     NaN     NaN     NaN     NaN     NaN     NaN     NaN      NaN     NaN     NaN     NaN          NaN            NaN      NaN     NaN
80       M4                   se_gov_bond_10y__d4|coin|exepi+excovid+exbreak|HAC4 -0.3098 -1.6497   71.0     NaN     NaN     NaN     NaN     NaN     NaN     NaN     NaN     NaN     NaN     NaN      NaN     NaN     NaN     NaN          NaN            NaN      NaN     NaN
81       M4                   se_gov_bond_10y__d4|coin|exepi+excovid+exbreak|HAC8 -0.3098 -1.6429   71.0     NaN     NaN     NaN     NaN     NaN     NaN     NaN     NaN     NaN     NaN     NaN      NaN     NaN     NaN     NaN          NaN            NaN      NaN     NaN
82       M4                               se_gov_bond_10y__d4|coin|full|circshift     NaN -4.0691    NaN  1.9377     NaN     NaN     NaN     NaN     NaN  0.0114     NaN     NaN     NaN     NaN      NaN     NaN     NaN     NaN          NaN            NaN      NaN     NaN
83       M4                   se_gov_bond_10y__d4|coin|full|ctrl=packaging_eu_yoy -0.5691 -2.9976  102.0     NaN     NaN     NaN     NaN     NaN     NaN     NaN -5.9667     NaN     NaN     NaN      NaN     NaN     NaN     NaN          NaN            NaN      NaN     NaN
84       M4                  se_gov_bond_10y__d4|coin|exepi|ctrl=packaging_eu_yoy -0.6504 -2.7492   92.0     NaN     NaN     NaN     NaN     NaN     NaN     NaN -3.1041     NaN     NaN     NaN      NaN     NaN     NaN     NaN          NaN            NaN      NaN     NaN
85       M4                     se_gov_bond_10y__d4|coin|full|ctrl=w_food_ppi_yoy -0.7140 -3.0101  102.0     NaN     NaN     NaN     NaN     NaN     NaN     NaN -1.0062     NaN     NaN     NaN      NaN     NaN     NaN     NaN          NaN            NaN      NaN     NaN
86       M4                    se_gov_bond_10y__d4|coin|exepi|ctrl=w_food_ppi_yoy -0.6909 -2.8221   92.0     NaN     NaN     NaN     NaN     NaN     NaN     NaN -0.0084     NaN     NaN     NaN      NaN     NaN     NaN     NaN          NaN            NaN      NaN     NaN
87       M4   se_gov_bond_10y__d4|coin|full|ctrl=eu_ppi_plastic_products_idx__yoy -0.6107 -3.3263  102.0     NaN     NaN     NaN     NaN     NaN     NaN     NaN -5.6389     NaN     NaN     NaN      NaN     NaN     NaN     NaN          NaN            NaN      NaN     NaN
88       M4  se_gov_bond_10y__d4|coin|exepi|ctrl=eu_ppi_plastic_products_idx__yoy -0.6696 -2.8671   92.0     NaN     NaN     NaN     NaN     NaN     NaN     NaN -2.5498     NaN     NaN     NaN      NaN     NaN     NaN     NaN          NaN            NaN      NaN     NaN
89       M4                   se_gov_bond_10y__d4|coin|full|ctrl=raw_mat_wloc_yoy -0.6236 -3.7917  102.0     NaN     NaN     NaN     NaN     NaN     NaN     NaN -3.5119     NaN     NaN     NaN      NaN     NaN     NaN     NaN          NaN            NaN      NaN     NaN
90       M4                  se_gov_bond_10y__d4|coin|exepi|ctrl=raw_mat_wloc_yoy -0.6044 -2.7444   92.0     NaN     NaN     NaN     NaN     NaN     NaN     NaN -1.9385     NaN     NaN     NaN      NaN     NaN     NaN     NaN          NaN            NaN      NaN     NaN
91       M4                se_gov_bond_10y__d4|coin|full|ctrl=w_food_cpi_xvat_yoy -0.8798 -3.5912  102.0     NaN     NaN     NaN     NaN     NaN     NaN     NaN  0.4542     NaN     NaN     NaN      NaN     NaN     NaN     NaN          NaN            NaN      NaN     NaN
92       M4               se_gov_bond_10y__d4|coin|exepi|ctrl=w_food_cpi_xvat_yoy -0.7332 -2.9768   92.0     NaN     NaN     NaN     NaN     NaN     NaN     NaN  1.5448     NaN     NaN     NaN      NaN     NaN     NaN     NaN          NaN            NaN      NaN     NaN
93       M4                                           OOS|w_gov10y_d4|h0|full2010     NaN     NaN   66.0     NaN     NaN     NaN     NaN     NaN     NaN     NaN     NaN  1.0592  0.9896  0.9343   0.1270  1.5274  0.0633     NaN          NaN            NaN      NaN     NaN
94       M4                                              OOS|w_gov10y_d4|h0|exepi     NaN     NaN   56.0     NaN     NaN     NaN     NaN     NaN     NaN     NaN     NaN  0.9386  0.9453  1.0071  -0.0142  0.9692  0.1662     NaN          NaN            NaN      NaN     NaN
95       M4                                      OOS|w_gov10y_d4|h0|excovid+exepi     NaN     NaN   50.0     NaN     NaN     NaN     NaN     NaN     NaN     NaN     NaN  0.9074  0.9329  1.0281  -0.0571  0.4704  0.3190     NaN          NaN            NaN      NaN     NaN
96       M4                                              OOS|w_gov10y_d4|h0|2015+     NaN     NaN   46.0     NaN     NaN     NaN     NaN     NaN     NaN     NaN     NaN  0.9959  0.8879  0.8915   0.2052  1.4140  0.0787     NaN          NaN            NaN      NaN     NaN
97       M4                                           OOS|w_gov10y_d4|h1|full2010     NaN     NaN   66.0     NaN     NaN     NaN     NaN     NaN     NaN     NaN     NaN  1.2360  1.1172  0.9038   0.1831  2.0196  0.0217     NaN          NaN            NaN      NaN     NaN
98       M4                                              OOS|w_gov10y_d4|h1|exepi     NaN     NaN   56.0     NaN     NaN     NaN     NaN     NaN     NaN     NaN     NaN  1.0754  1.0360  0.9634   0.0719  1.5631  0.0590     NaN          NaN            NaN      NaN     NaN
99       M4                                      OOS|w_gov10y_d4|h1|excovid+exepi     NaN     NaN   50.0     NaN     NaN     NaN     NaN     NaN     NaN     NaN     NaN  1.0623  1.0313  0.9708   0.0576  1.4234  0.0773     NaN          NaN            NaN      NaN     NaN
100      M4                                              OOS|w_gov10y_d4|h1|2015+     NaN     NaN   46.0     NaN     NaN     NaN     NaN     NaN     NaN     NaN     NaN  1.1535  1.0493  0.9096   0.1726  1.5004  0.0668     NaN          NaN            NaN      NaN     NaN
101      M4                                           OOS|w_gov10y_d4|h2|full2010     NaN     NaN   66.0     NaN     NaN     NaN     NaN     NaN     NaN     NaN     NaN  1.3033  1.1918  0.9144   0.1639  1.9843  0.0236     NaN          NaN            NaN      NaN     NaN
102      M4                                              OOS|w_gov10y_d4|h2|exepi     NaN     NaN   56.0     NaN     NaN     NaN     NaN     NaN     NaN     NaN     NaN  1.0931  1.0640  0.9734   0.0525  1.3932  0.0818     NaN          NaN            NaN      NaN     NaN
103      M4                                      OOS|w_gov10y_d4|h2|excovid+exepi     NaN     NaN   50.0     NaN     NaN     NaN     NaN     NaN     NaN     NaN     NaN  1.0780  1.0591  0.9825   0.0348  1.2588  0.1040     NaN          NaN            NaN      NaN     NaN
104      M4                                              OOS|w_gov10y_d4|h2|2015+     NaN     NaN   46.0     NaN     NaN     NaN     NaN     NaN     NaN     NaN     NaN  1.2510  1.1798  0.9431   0.1106  1.3852  0.0830     NaN          NaN            NaN      NaN     NaN
105      M4                                    OOS|no_govbond_10y__d4|h0|full2010     NaN     NaN   66.0     NaN     NaN     NaN     NaN     NaN     NaN     NaN     NaN  1.0592  0.9862  0.9311   0.1330  1.6682  0.0476     NaN          NaN            NaN      NaN     NaN
106      M4                                       OOS|no_govbond_10y__d4|h0|exepi     NaN     NaN   56.0     NaN     NaN     NaN     NaN     NaN     NaN     NaN     NaN  0.9386  0.9508  1.0129  -0.0260  0.9688  0.1663     NaN          NaN            NaN      NaN     NaN
107      M4                               OOS|no_govbond_10y__d4|h0|excovid+exepi     NaN     NaN   50.0     NaN     NaN     NaN     NaN     NaN     NaN     NaN     NaN  0.9074  0.9557  1.0532  -0.1093  0.1976  0.4217     NaN          NaN            NaN      NaN     NaN
108      M4                                       OOS|no_govbond_10y__d4|h0|2015+     NaN     NaN   46.0     NaN     NaN     NaN     NaN     NaN     NaN     NaN     NaN  0.9959  0.8740  0.8775   0.2299  1.5787  0.0572     NaN          NaN            NaN      NaN     NaN
109      M4                                    OOS|no_govbond_10y__d4|h1|full2010     NaN     NaN   66.0     NaN     NaN     NaN     NaN     NaN     NaN     NaN     NaN  1.2360  1.1141  0.9014   0.1876  1.9873  0.0234     NaN          NaN            NaN      NaN     NaN
110      M4                                       OOS|no_govbond_10y__d4|h1|exepi     NaN     NaN   56.0     NaN     NaN     NaN     NaN     NaN     NaN     NaN     NaN  1.0754  1.0721  0.9969   0.0062  1.2373  0.1080     NaN          NaN            NaN      NaN     NaN
111      M4                               OOS|no_govbond_10y__d4|h1|excovid+exepi     NaN     NaN   50.0     NaN     NaN     NaN     NaN     NaN     NaN     NaN     NaN  1.0623  1.0780  1.0148  -0.0298  1.0464  0.1477     NaN          NaN            NaN      NaN     NaN
112      M4                                       OOS|no_govbond_10y__d4|h1|2015+     NaN     NaN   46.0     NaN     NaN     NaN     NaN     NaN     NaN     NaN     NaN  1.1535  1.0514  0.9115   0.1692  1.3934  0.0818     NaN          NaN            NaN      NaN     NaN
113      M4                                    OOS|no_govbond_10y__d4|h2|full2010     NaN     NaN   66.0     NaN     NaN     NaN     NaN     NaN     NaN     NaN     NaN  1.3033  1.1988  0.9198   0.1539  1.7939  0.0364     NaN          NaN            NaN      NaN     NaN
114      M4                                       OOS|no_govbond_10y__d4|h2|exepi     NaN     NaN   56.0     NaN     NaN     NaN     NaN     NaN     NaN     NaN     NaN  1.0931  1.1005  1.0068  -0.0136  1.0487  0.1472     NaN          NaN            NaN      NaN     NaN
115      M4                               OOS|no_govbond_10y__d4|h2|excovid+exepi     NaN     NaN   50.0     NaN     NaN     NaN     NaN     NaN     NaN     NaN     NaN  1.0780  1.0935  1.0144  -0.0289  0.9731  0.1653     NaN          NaN            NaN      NaN     NaN
116      M4                                       OOS|no_govbond_10y__d4|h2|2015+     NaN     NaN   46.0     NaN     NaN     NaN     NaN     NaN     NaN     NaN     NaN  1.2510  1.1937  0.9542   0.0895  1.1361  0.1280     NaN          NaN            NaN      NaN     NaN
117      M5                                     se_eursek__yoy|lag0|full|per10pct -0.1589 -0.6327  102.0     NaN     NaN     NaN     NaN     NaN     NaN     NaN     NaN     NaN     NaN     NaN      NaN     NaN     NaN     NaN          NaN            NaN      NaN     NaN
118      M5                                    se_eursek__yoy|lag0|exepi|per10pct -0.0505 -0.2247   92.0     NaN     NaN     NaN     NaN     NaN     NaN     NaN     NaN     NaN     NaN     NaN      NaN     NaN     NaN     NaN          NaN            NaN      NaN     NaN
119      M5                                      se_eursek__yoy|lag0|full|placebo     NaN -0.6327    NaN  2.3391  0.5960     NaN     NaN     NaN     NaN     NaN     NaN     NaN     NaN     NaN      NaN     NaN     NaN     NaN          NaN            NaN      NaN     NaN
120      M5                                     se_eursek__yoy|lag1|full|per10pct  0.1343  0.6662  102.0     NaN     NaN     NaN     NaN     NaN     NaN     NaN     NaN     NaN     NaN     NaN      NaN     NaN     NaN     NaN          NaN            NaN      NaN     NaN
121      M5                                    se_eursek__yoy|lag1|exepi|per10pct  0.2118  1.1008   92.0     NaN     NaN     NaN     NaN     NaN     NaN     NaN     NaN     NaN     NaN     NaN      NaN     NaN     NaN     NaN          NaN            NaN      NaN     NaN
122      M5                                      se_eursek__yoy|lag1|full|placebo     NaN  0.6662    NaN  2.3391  0.5767     NaN     NaN     NaN     NaN     NaN     NaN     NaN     NaN     NaN      NaN     NaN     NaN     NaN          NaN            NaN      NaN     NaN
123      M5                                     se_eursek__yoy|lag2|full|per10pct  0.5068  2.4199  102.0     NaN     NaN     NaN     NaN     NaN     NaN     NaN     NaN     NaN     NaN     NaN      NaN     NaN     NaN     NaN          NaN            NaN      NaN     NaN
124      M5                                    se_eursek__yoy|lag2|exepi|per10pct  0.5054  2.3958   92.0     NaN     NaN     NaN     NaN     NaN     NaN     NaN     NaN     NaN     NaN     NaN      NaN     NaN     NaN     NaN          NaN            NaN      NaN     NaN
125      M5                                      se_eursek__yoy|lag2|full|placebo     NaN  2.4199    NaN  2.3391  0.0426     NaN     NaN     NaN     NaN     NaN     NaN     NaN     NaN     NaN      NaN     NaN     NaN     NaN          NaN            NaN      NaN     NaN
126      M5                               se_eursek__yoy|lag0+1|full|sum_per10pct -0.0134 -2.1349  102.0     NaN     NaN     NaN     NaN     NaN     NaN     NaN     NaN     NaN     NaN     NaN      NaN     NaN     NaN     NaN          NaN            NaN      NaN     NaN
127      M5                   OOS|EURSEK_PDL06|mech_bench(AR1+Easter)|h0|full2010     NaN     NaN   66.0     NaN     NaN     NaN     NaN     NaN     NaN     NaN     NaN  1.0717  1.0564  0.9857   0.0284  1.7383  0.0411     NaN          NaN            NaN      NaN     NaN
128      M5                      OOS|EURSEK_PDL06|mech_bench(AR1+Easter)|h0|exepi     NaN     NaN   56.0     NaN     NaN     NaN     NaN     NaN     NaN     NaN     NaN  1.0051  0.9745  0.9695   0.0601  2.3861  0.0085     NaN          NaN            NaN      NaN     NaN
129      M5              OOS|EURSEK_PDL06|mech_bench(AR1+Easter)|h0|excovid+exepi     NaN     NaN   50.0     NaN     NaN     NaN     NaN     NaN     NaN     NaN     NaN  0.9694  0.9382  0.9679   0.0632  2.3426  0.0096     NaN          NaN            NaN      NaN     NaN
130      M5                      OOS|EURSEK_PDL06|mech_bench(AR1+Easter)|h0|2015+     NaN     NaN   46.0     NaN     NaN     NaN     NaN     NaN     NaN     NaN     NaN  0.9610  0.9636  1.0027  -0.0055  0.7936  0.2137     NaN          NaN            NaN      NaN     NaN
131      M5                                OOS|EURSEK_PDL06|bench AR1|h0|full2010     NaN     NaN   66.0     NaN     NaN     NaN     NaN     NaN     NaN     NaN     NaN  1.0596  1.0455  0.9867   0.0263  1.6879  0.0457     NaN          NaN            NaN      NaN     NaN
132      M5                                   OOS|EURSEK_PDL06|bench AR1|h0|exepi     NaN     NaN   56.0     NaN     NaN     NaN     NaN     NaN     NaN     NaN     NaN  0.9952  0.9646  0.9693   0.0605  2.3571  0.0092     NaN          NaN            NaN      NaN     NaN
133      M5                           OOS|EURSEK_PDL06|bench AR1|h0|excovid+exepi     NaN     NaN   50.0     NaN     NaN     NaN     NaN     NaN     NaN     NaN     NaN  0.9536  0.9237  0.9687   0.0617  2.2833  0.0112     NaN          NaN            NaN      NaN     NaN
134      M5                                   OOS|EURSEK_PDL06|bench AR1|h0|2015+     NaN     NaN   46.0     NaN     NaN     NaN     NaN     NaN     NaN     NaN     NaN  0.9366  0.9438  1.0077  -0.0154  0.6561  0.2559     NaN          NaN            NaN      NaN     NaN
135      M5                                 OOS|Easter_only|bench AR1|h0|full2010     NaN     NaN   66.0     NaN     NaN     NaN     NaN     NaN     NaN     NaN     NaN  1.0601  1.0715  1.0108  -0.0216 -0.3665  0.6430     NaN          NaN            NaN      NaN     NaN
136      M5                                    OOS|Easter_only|bench AR1|h0|exepi     NaN     NaN   56.0     NaN     NaN     NaN     NaN     NaN     NaN     NaN     NaN  0.9967  1.0057  1.0090  -0.0181  0.0095  0.4962     NaN          NaN            NaN      NaN     NaN
137      M5                            OOS|Easter_only|bench AR1|h0|excovid+exepi     NaN     NaN   50.0     NaN     NaN     NaN     NaN     NaN     NaN     NaN     NaN  0.9564  0.9710  1.0153  -0.0309 -0.2989  0.6175     NaN          NaN            NaN      NaN     NaN
138      M5                                    OOS|Easter_only|bench AR1|h0|2015+     NaN     NaN   46.0     NaN     NaN     NaN     NaN     NaN     NaN     NaN     NaN  0.9357  0.9603  1.0263  -0.0532 -1.1007  0.8645     NaN          NaN            NaN      NaN     NaN
139      M5                            OOS|EURSEK_PDL06|bench AR(1,4)|h0|full2010     NaN     NaN   66.0     NaN     NaN     NaN     NaN     NaN     NaN     NaN     NaN  1.0592  1.0667  1.0071  -0.0142  1.1331  0.1286     NaN          NaN            NaN      NaN     NaN
140      M5                               OOS|EURSEK_PDL06|bench AR(1,4)|h0|exepi     NaN     NaN   56.0     NaN     NaN     NaN     NaN     NaN     NaN     NaN     NaN  0.9386  0.9440  1.0057  -0.0114  1.4743  0.0702     NaN          NaN            NaN      NaN     NaN
141      M5                       OOS|EURSEK_PDL06|bench AR(1,4)|h0|excovid+exepi     NaN     NaN   50.0     NaN     NaN     NaN     NaN     NaN     NaN     NaN     NaN  0.9074  0.9130  1.0062  -0.0124  1.5140  0.0650     NaN          NaN            NaN      NaN     NaN
142      M5                               OOS|EURSEK_PDL06|bench AR(1,4)|h0|2015+     NaN     NaN   46.0     NaN     NaN     NaN     NaN     NaN     NaN     NaN     NaN  0.9959  0.9956  0.9996   0.0007  0.8211  0.2058     NaN          NaN            NaN      NaN     NaN
143      M5                             OOS|EURSEK_lvl0|bench AR(1,4)|h0|full2010     NaN     NaN   66.0     NaN     NaN     NaN     NaN     NaN     NaN     NaN     NaN  1.0592  1.0738  1.0138  -0.0278 -1.4790  0.9304     NaN          NaN            NaN      NaN     NaN
144      M5                                OOS|EURSEK_lvl0|bench AR(1,4)|h0|exepi     NaN     NaN   56.0     NaN     NaN     NaN     NaN     NaN     NaN     NaN     NaN  0.9386  0.9579  1.0205  -0.0415 -1.4836  0.9310     NaN          NaN            NaN      NaN     NaN
145      M5                        OOS|EURSEK_lvl0|bench AR(1,4)|h0|excovid+exepi     NaN     NaN   50.0     NaN     NaN     NaN     NaN     NaN     NaN     NaN     NaN  0.9074  0.9293  1.0242  -0.0489 -1.4632  0.9283     NaN          NaN            NaN      NaN     NaN
146      M5                                OOS|EURSEK_lvl0|bench AR(1,4)|h0|2015+     NaN     NaN   46.0     NaN     NaN     NaN     NaN     NaN     NaN     NaN     NaN  0.9959  0.9969  1.0009  -0.0018 -0.7619  0.7769     NaN          NaN            NaN      NaN     NaN
147      M5                           OOS|EURSEK_lvl0+1|bench AR(1,4)|h0|full2010     NaN     NaN   66.0     NaN     NaN     NaN     NaN     NaN     NaN     NaN     NaN  1.0592  1.0841  1.0235  -0.0476  0.5540  0.2898     NaN          NaN            NaN      NaN     NaN
148      M5                              OOS|EURSEK_lvl0+1|bench AR(1,4)|h0|exepi     NaN     NaN   56.0     NaN     NaN     NaN     NaN     NaN     NaN     NaN     NaN  0.9386  0.9564  1.0189  -0.0382  1.1363  0.1279     NaN          NaN            NaN      NaN     NaN
149      M5                      OOS|EURSEK_lvl0+1|bench AR(1,4)|h0|excovid+exepi     NaN     NaN   50.0     NaN     NaN     NaN     NaN     NaN     NaN     NaN     NaN  0.9074  0.9348  1.0302  -0.0614  0.8384  0.2009     NaN          NaN            NaN      NaN     NaN
150      M5                              OOS|EURSEK_lvl0+1|bench AR(1,4)|h0|2015+     NaN     NaN   46.0     NaN     NaN     NaN     NaN     NaN     NaN     NaN     NaN  0.9959  1.0044  1.0085  -0.0171  0.3722  0.3549     NaN          NaN            NaN      NaN     NaN
151      M5                                                          text|fx_weak     NaN     NaN    NaN     NaN     NaN     NaN     NaN     NaN     NaN     NaN     NaN     NaN     NaN     NaN      NaN     NaN     NaN    25.0       5.5743        -0.4791      NaN     NaN
152      M5                                                        text|fx_strong     NaN     NaN    NaN     NaN     NaN     NaN     NaN     NaN     NaN     NaN     NaN     NaN     NaN     NaN      NaN     NaN     NaN     4.0      -1.5778         1.1099      NaN     NaN
153      M5                                                   text|fx_translation     NaN     NaN    NaN     NaN     NaN     NaN     NaN     NaN     NaN     NaN     NaN     NaN     NaN     NaN      NaN     NaN     NaN    20.0       2.2579         0.6989      NaN     NaN
154      M6                                        OOS|th_input_costs|h0|full2010     NaN     NaN   66.0     NaN     NaN     NaN     NaN     NaN     NaN     NaN     NaN  1.0592  1.0093  0.9529   0.0920  1.8614  0.0313     NaN          NaN            NaN      NaN     NaN
155      M6                                           OOS|th_input_costs|h0|exepi     NaN     NaN   56.0     NaN     NaN     NaN     NaN     NaN     NaN     NaN     NaN  0.9386  0.9033  0.9624   0.0738  2.5259  0.0058     NaN          NaN            NaN      NaN     NaN
156      M6                                   OOS|th_input_costs|h0|excovid+exepi     NaN     NaN   50.0     NaN     NaN     NaN     NaN     NaN     NaN     NaN     NaN  0.9074  0.8713  0.9603   0.0779  2.4924  0.0063     NaN          NaN            NaN      NaN     NaN
157      M6                                           OOS|th_input_costs|h0|2015+     NaN     NaN   46.0     NaN     NaN     NaN     NaN     NaN     NaN     NaN     NaN  0.9959  0.9637  0.9676   0.0637  1.2235  0.1106     NaN          NaN            NaN      NaN     NaN
158      M6                                      OOS|packaging_eu_yoy|h0|full2010     NaN     NaN   66.0     NaN     NaN     NaN     NaN     NaN     NaN     NaN     NaN  1.0592  1.0217  0.9646   0.0696  1.4524  0.0732     NaN          NaN            NaN      NaN     NaN
159      M6                                         OOS|packaging_eu_yoy|h0|exepi     NaN     NaN   56.0     NaN     NaN     NaN     NaN     NaN     NaN     NaN     NaN  0.9386  0.9222  0.9825   0.0347  2.1201  0.0170     NaN          NaN            NaN      NaN     NaN
160      M6                                 OOS|packaging_eu_yoy|h0|excovid+exepi     NaN     NaN   50.0     NaN     NaN     NaN     NaN     NaN     NaN     NaN     NaN  0.9074  0.9006  0.9924   0.0150  1.7781  0.0377     NaN          NaN            NaN      NaN     NaN
161      M6                                         OOS|packaging_eu_yoy|h0|2015+     NaN     NaN   46.0     NaN     NaN     NaN     NaN     NaN     NaN     NaN     NaN  0.9959  0.9230  0.9268   0.1411  1.3118  0.0948     NaN          NaN            NaN      NaN     NaN
162      M6                                        OOS|eu_ppi_plastic|h0|full2010     NaN     NaN   66.0     NaN     NaN     NaN     NaN     NaN     NaN     NaN     NaN  1.0592  1.0025  0.9465   0.1041  1.4990  0.0669     NaN          NaN            NaN      NaN     NaN
163      M6                                           OOS|eu_ppi_plastic|h0|exepi     NaN     NaN   56.0     NaN     NaN     NaN     NaN     NaN     NaN     NaN     NaN  0.9386  0.9025  0.9615   0.0756  2.3532  0.0093     NaN          NaN            NaN      NaN     NaN
164      M6                                   OOS|eu_ppi_plastic|h0|excovid+exepi     NaN     NaN   50.0     NaN     NaN     NaN     NaN     NaN     NaN     NaN     NaN  0.9074  0.8786  0.9682   0.0626  1.9264  0.0270     NaN          NaN            NaN      NaN     NaN
165      M6                                           OOS|eu_ppi_plastic|h0|2015+     NaN     NaN   46.0     NaN     NaN     NaN     NaN     NaN     NaN     NaN     NaN  0.9959  0.9103  0.9140   0.1646  1.3933  0.0818     NaN          NaN            NaN      NaN     NaN
166      M6                                        OOS|th_input_costs|h1|full2010     NaN     NaN   66.0     NaN     NaN     NaN     NaN     NaN     NaN     NaN     NaN  1.2360  1.2381  1.0016  -0.0033  1.5228  0.0639     NaN          NaN            NaN      NaN     NaN
167      M6                                           OOS|th_input_costs|h1|exepi     NaN     NaN   56.0     NaN     NaN     NaN     NaN     NaN     NaN     NaN     NaN  1.0754  1.0852  1.0090  -0.0182  1.4919  0.0679     NaN          NaN            NaN      NaN     NaN
168      M6                                   OOS|th_input_costs|h1|excovid+exepi     NaN     NaN   50.0     NaN     NaN     NaN     NaN     NaN     NaN     NaN     NaN  1.0623  1.0709  1.0080  -0.0161  1.5245  0.0637     NaN          NaN            NaN      NaN     NaN
169      M6                                           OOS|th_input_costs|h1|2015+     NaN     NaN   46.0     NaN     NaN     NaN     NaN     NaN     NaN     NaN     NaN  1.1535  1.1278  0.9777   0.0442  1.2399  0.1075     NaN          NaN            NaN      NaN     NaN
170      M6                                      OOS|packaging_eu_yoy|h1|full2010     NaN     NaN   66.0     NaN     NaN     NaN     NaN     NaN     NaN     NaN     NaN  1.2360  1.2015  0.9720   0.0551  1.4919  0.0679     NaN          NaN            NaN      NaN     NaN
171      M6                                         OOS|packaging_eu_yoy|h1|exepi     NaN     NaN   56.0     NaN     NaN     NaN     NaN     NaN     NaN     NaN     NaN  1.0754  1.0715  0.9964   0.0073  1.3316  0.0915     NaN          NaN            NaN      NaN     NaN
172      M6                                 OOS|packaging_eu_yoy|h1|excovid+exepi     NaN     NaN   50.0     NaN     NaN     NaN     NaN     NaN     NaN     NaN     NaN  1.0623  1.0623  1.0000   0.0001  1.2594  0.1039     NaN          NaN            NaN      NaN     NaN
173      M6                                         OOS|packaging_eu_yoy|h1|2015+     NaN     NaN   46.0     NaN     NaN     NaN     NaN     NaN     NaN     NaN     NaN  1.1535  1.0656  0.9238   0.1467  1.3667  0.0859     NaN          NaN            NaN      NaN     NaN
174      M6                                        OOS|eu_ppi_plastic|h1|full2010     NaN     NaN   66.0     NaN     NaN     NaN     NaN     NaN     NaN     NaN     NaN  1.2360  1.1285  0.9130   0.1664  1.4962  0.0673     NaN          NaN            NaN      NaN     NaN
175      M6                                           OOS|eu_ppi_plastic|h1|exepi     NaN     NaN   56.0     NaN     NaN     NaN     NaN     NaN     NaN     NaN     NaN  1.0754  1.0479  0.9744   0.0505  1.3258  0.0925     NaN          NaN            NaN      NaN     NaN
176      M6                                   OOS|eu_ppi_plastic|h1|excovid+exepi     NaN     NaN   50.0     NaN     NaN     NaN     NaN     NaN     NaN     NaN     NaN  1.0623  1.0349  0.9742   0.0509  1.2456  0.1065     NaN          NaN            NaN      NaN     NaN
177      M6                                           OOS|eu_ppi_plastic|h1|2015+     NaN     NaN   46.0     NaN     NaN     NaN     NaN     NaN     NaN     NaN     NaN  1.1535  0.9713  0.8420   0.2910  1.4527  0.0732     NaN          NaN            NaN      NaN     NaN
178      M6                                        OOS|th_input_costs|h2|full2010     NaN     NaN   66.0     NaN     NaN     NaN     NaN     NaN     NaN     NaN     NaN  1.3033  1.4363  1.1020  -0.2144 -0.8744  0.8091     NaN          NaN            NaN      NaN     NaN
179      M6                                           OOS|th_input_costs|h2|exepi     NaN     NaN   56.0     NaN     NaN     NaN     NaN     NaN     NaN     NaN     NaN  1.0931  1.2181  1.1143  -0.2418 -0.6742  0.7499     NaN          NaN            NaN      NaN     NaN
180      M6                                   OOS|th_input_costs|h2|excovid+exepi     NaN     NaN   50.0     NaN     NaN     NaN     NaN     NaN     NaN     NaN     NaN  1.0780  1.1981  1.1113  -0.2350 -0.4529  0.6747     NaN          NaN            NaN      NaN     NaN
181      M6                                           OOS|th_input_costs|h2|2015+     NaN     NaN   46.0     NaN     NaN     NaN     NaN     NaN     NaN     NaN     NaN  1.2510  1.3209  1.0559  -0.1150  0.0145  0.4942     NaN          NaN            NaN      NaN     NaN
182      M6                                      OOS|packaging_eu_yoy|h2|full2010     NaN     NaN   66.0     NaN     NaN     NaN     NaN     NaN     NaN     NaN     NaN  1.3033  1.3274  1.0185  -0.0373  1.3875  0.0826     NaN          NaN            NaN      NaN     NaN
183      M6                                         OOS|packaging_eu_yoy|h2|exepi     NaN     NaN   56.0     NaN     NaN     NaN     NaN     NaN     NaN     NaN     NaN  1.0931  1.0986  1.0050  -0.0101  0.6327  0.2634     NaN          NaN            NaN      NaN     NaN
184      M6                                 OOS|packaging_eu_yoy|h2|excovid+exepi     NaN     NaN   50.0     NaN     NaN     NaN     NaN     NaN     NaN     NaN     NaN  1.0780  1.0846  1.0061  -0.0122  0.6262  0.2656     NaN          NaN            NaN      NaN     NaN
185      M6                                         OOS|packaging_eu_yoy|h2|2015+     NaN     NaN   46.0     NaN     NaN     NaN     NaN     NaN     NaN     NaN     NaN  1.2510  1.2484  0.9979   0.0042  1.8363  0.0332     NaN          NaN            NaN      NaN     NaN
186      M6                                        OOS|eu_ppi_plastic|h2|full2010     NaN     NaN   66.0     NaN     NaN     NaN     NaN     NaN     NaN     NaN     NaN  1.3033  1.2527  0.9612   0.0762  1.5108  0.0654     NaN          NaN            NaN      NaN     NaN
187      M6                                           OOS|eu_ppi_plastic|h2|exepi     NaN     NaN   56.0     NaN     NaN     NaN     NaN     NaN     NaN     NaN     NaN  1.0931  1.0818  0.9897   0.0205  0.7808  0.2175     NaN          NaN            NaN      NaN     NaN
188      M6                                   OOS|eu_ppi_plastic|h2|excovid+exepi     NaN     NaN   50.0     NaN     NaN     NaN     NaN     NaN     NaN     NaN     NaN  1.0780  1.0649  0.9878   0.0243  0.7791  0.2180     NaN          NaN            NaN      NaN     NaN
189      M6                                           OOS|eu_ppi_plastic|h2|2015+     NaN     NaN   46.0     NaN     NaN     NaN     NaN     NaN     NaN     NaN     NaN  1.2510  1.1408  0.9119   0.1684  1.7494  0.0401     NaN          NaN            NaN      NaN     NaN
190      M6                                                  OOS|pca1|h0|full2010     NaN     NaN   66.0     NaN     NaN     NaN     NaN     NaN     NaN     NaN     NaN  1.0644  1.0134  0.9521   0.0936  1.6152  0.0531     NaN          NaN            NaN      NaN     NaN
191      M6                                                     OOS|pca1|h0|exepi     NaN     NaN   56.0     NaN     NaN     NaN     NaN     NaN     NaN     NaN     NaN  0.9365  0.9054  0.9669   0.0651  2.7329  0.0031     NaN          NaN            NaN      NaN     NaN
192      M6                                             OOS|pca1|h0|excovid+exepi     NaN     NaN   50.0     NaN     NaN     NaN     NaN     NaN     NaN     NaN     NaN  0.9060  0.8834  0.9751   0.0492  2.5624  0.0052     NaN          NaN            NaN      NaN     NaN
193      M6                                                     OOS|pca1|h0|2015+     NaN     NaN   46.0     NaN     NaN     NaN     NaN     NaN     NaN     NaN     NaN  1.0056  0.9322  0.9270   0.1406  1.3386  0.0904     NaN          NaN            NaN      NaN     NaN
194      M6                                                  OOS|pca1|h1|full2010     NaN     NaN   66.0     NaN     NaN     NaN     NaN     NaN     NaN     NaN     NaN  1.2408  1.2028  0.9694   0.0603  1.9029  0.0285     NaN          NaN            NaN      NaN     NaN
195      M6                                                     OOS|pca1|h1|exepi     NaN     NaN   56.0     NaN     NaN     NaN     NaN     NaN     NaN     NaN     NaN  1.0679  1.0481  0.9814   0.0368  2.0139  0.0220     NaN          NaN            NaN      NaN     NaN
196      M6                                             OOS|pca1|h1|excovid+exepi     NaN     NaN   50.0     NaN     NaN     NaN     NaN     NaN     NaN     NaN     NaN  1.0551  1.0302  0.9764   0.0467  2.1132  0.0173     NaN          NaN            NaN      NaN     NaN
197      M6                                                     OOS|pca1|h1|2015+     NaN     NaN   46.0     NaN     NaN     NaN     NaN     NaN     NaN     NaN     NaN  1.1670  1.1118  0.9528   0.0922  1.3399  0.0901     NaN          NaN            NaN      NaN     NaN
198      M6                                                  OOS|pca1|h2|full2010     NaN     NaN   66.0     NaN     NaN     NaN     NaN     NaN     NaN     NaN     NaN  1.3120  1.2248  0.9335   0.1285  1.8607  0.0314     NaN          NaN            NaN      NaN     NaN
199      M6                                                     OOS|pca1|h2|exepi     NaN     NaN   56.0     NaN     NaN     NaN     NaN     NaN     NaN     NaN     NaN  1.0896  1.0710  0.9830   0.0338  1.4650  0.0715     NaN          NaN            NaN      NaN     NaN
200      M6                                             OOS|pca1|h2|excovid+exepi     NaN     NaN   50.0     NaN     NaN     NaN     NaN     NaN     NaN     NaN     NaN  1.0770  1.0482  0.9733   0.0526  1.6328  0.0513     NaN          NaN            NaN      NaN     NaN
201      M6                                                     OOS|pca1|h2|2015+     NaN     NaN   46.0     NaN     NaN     NaN     NaN     NaN     NaN     NaN     NaN  1.2684  1.1593  0.9140   0.1645  1.4478  0.0738     NaN          NaN            NaN      NaN     NaN
202  M6null                                             w_real_wage_yoy|coin|full  0.1449  1.5782    NaN  2.1135  0.1433     NaN     NaN     NaN     NaN     NaN     NaN     NaN     NaN     NaN      NaN     NaN     NaN     NaN          NaN            NaN   2.1686  0.3143
203  M6null                                            w_real_wage_yoy|coin|exepi -0.0924 -0.7450    NaN  2.0328  0.4726     NaN     NaN     NaN     NaN     NaN     NaN     NaN     NaN     NaN      NaN     NaN     NaN     NaN          NaN            NaN   2.1686 -0.2004
204  M6null                                              w_real_wage_yoy|rt0|full  0.0600  0.5818    NaN  2.1135  0.5895     NaN     NaN     NaN     NaN     NaN     NaN     NaN     NaN     NaN      NaN     NaN     NaN     NaN          NaN            NaN   2.1707  0.1302
205  M6null                                             w_real_wage_yoy|rt0|exepi -0.2231 -1.9048    NaN  2.0328  0.0663     NaN     NaN     NaN     NaN     NaN     NaN     NaN     NaN     NaN      NaN     NaN     NaN     NaN          NaN            NaN   2.1707 -0.4844
206  M6null                                              w_real_wage_yoy|rt1|full  0.0155  0.1733    NaN  2.1135  0.8723     NaN     NaN     NaN     NaN     NaN     NaN     NaN     NaN     NaN      NaN     NaN     NaN     NaN          NaN            NaN   2.1858  0.0339
207  M6null                                             w_real_wage_yoy|rt1|exepi -0.2207 -2.5932    NaN  2.0328  0.0124     NaN     NaN     NaN     NaN     NaN     NaN     NaN     NaN     NaN      NaN     NaN     NaN     NaN          NaN            NaN   2.1858 -0.4824
208  M6null                                            nw_real_wage_yoy|coin|full  0.1016  1.1687    NaN  2.1761  0.2925     NaN     NaN     NaN     NaN     NaN     NaN     NaN     NaN     NaN      NaN     NaN     NaN     NaN          NaN            NaN   2.3533  0.2392
209  M6null                                           nw_real_wage_yoy|coin|exepi -0.0571 -0.7785    NaN  2.0795  0.4631     NaN     NaN     NaN     NaN     NaN     NaN     NaN     NaN     NaN      NaN     NaN     NaN     NaN          NaN            NaN   2.3533 -0.1345
210  M6null                                             nw_real_wage_yoy|rt0|full  0.0208  0.2284    NaN  2.1761  0.8370     NaN     NaN     NaN     NaN     NaN     NaN     NaN     NaN     NaN      NaN     NaN     NaN     NaN          NaN            NaN   2.3542  0.0491
211  M6null                                            nw_real_wage_yoy|rt0|exepi -0.1487 -1.9521    NaN  2.0795  0.0658     NaN     NaN     NaN     NaN     NaN     NaN     NaN     NaN     NaN      NaN     NaN     NaN     NaN          NaN            NaN   2.3542 -0.3500
212  M6null                                             nw_real_wage_yoy|rt1|full -0.0124 -0.1580    NaN  2.1761  0.8868     NaN     NaN     NaN     NaN     NaN     NaN     NaN     NaN     NaN      NaN     NaN     NaN     NaN          NaN            NaN   2.3793 -0.0294
213  M6null                                            nw_real_wage_yoy|rt1|exepi -0.1561 -2.7024    NaN  2.0795  0.0109     NaN     NaN     NaN     NaN     NaN     NaN     NaN     NaN     NaN      NaN     NaN     NaN     NaN          NaN            NaN   2.3793 -0.3714
214  M6null                                               w_cons_conf_z|coin|full  0.0459  0.1528    NaN  2.4894  0.9043     NaN     NaN     NaN     NaN     NaN     NaN     NaN     NaN     NaN      NaN     NaN     NaN     NaN          NaN            NaN   0.8190  0.0376
215  M6null                                              w_cons_conf_z|coin|exepi -0.6482 -2.8399    NaN  2.2466  0.0132     NaN     NaN     NaN     NaN     NaN     NaN     NaN     NaN     NaN      NaN     NaN     NaN     NaN          NaN            NaN   0.8190 -0.5308
216  M6null                                                w_cons_conf_z|rt0|full  0.0459  0.1528    NaN  2.4894  0.9043     NaN     NaN     NaN     NaN     NaN     NaN     NaN     NaN     NaN      NaN     NaN     NaN     NaN          NaN            NaN   0.8190  0.0376
217  M6null                                               w_cons_conf_z|rt0|exepi -0.6482 -2.8399    NaN  2.2466  0.0132     NaN     NaN     NaN     NaN     NaN     NaN     NaN     NaN     NaN      NaN     NaN     NaN     NaN          NaN            NaN   0.8190 -0.5308
218  M6null                                                w_cons_conf_z|rt1|full -0.0584 -0.2255    NaN  2.4894  0.8591     NaN     NaN     NaN     NaN     NaN     NaN     NaN     NaN     NaN      NaN     NaN     NaN     NaN          NaN            NaN   0.8150 -0.0476
219  M6null                                               w_cons_conf_z|rt1|exepi -0.5729 -2.8539    NaN  2.2466  0.0128     NaN     NaN     NaN     NaN     NaN     NaN     NaN     NaN     NaN      NaN     NaN     NaN     NaN          NaN            NaN   0.8150 -0.4669
220  M6null                                              nw_cons_conf_z|coin|full  0.0378  0.1521    NaN  2.4819  0.9044     NaN     NaN     NaN     NaN     NaN     NaN     NaN     NaN     NaN      NaN     NaN     NaN     NaN          NaN            NaN   0.9345  0.0353
221  M6null                                             nw_cons_conf_z|coin|exepi -0.5377 -2.4778    NaN  2.2584  0.0315     NaN     NaN     NaN     NaN     NaN     NaN     NaN     NaN     NaN      NaN     NaN     NaN     NaN          NaN            NaN   0.9345 -0.5025
222  M6null                                               nw_cons_conf_z|rt0|full  0.0378  0.1521    NaN  2.4819  0.9044     NaN     NaN     NaN     NaN     NaN     NaN     NaN     NaN     NaN      NaN     NaN     NaN     NaN          NaN            NaN   0.9345  0.0353
223  M6null                                              nw_cons_conf_z|rt0|exepi -0.5377 -2.4778    NaN  2.2584  0.0315     NaN     NaN     NaN     NaN     NaN     NaN     NaN     NaN     NaN      NaN     NaN     NaN     NaN          NaN            NaN   0.9345 -0.5025
224  M6null                                               nw_cons_conf_z|rt1|full -0.0753 -0.3565    NaN  2.4819  0.7783     NaN     NaN     NaN     NaN     NaN     NaN     NaN     NaN     NaN      NaN     NaN     NaN     NaN          NaN            NaN   0.9318 -0.0702
225  M6null                                              nw_cons_conf_z|rt1|exepi -0.4988 -2.7048    NaN  2.2584  0.0189     NaN     NaN     NaN     NaN     NaN     NaN     NaN     NaN     NaN      NaN     NaN     NaN     NaN          NaN            NaN   0.9318 -0.4648
226  M6null                                           w_policy_rate_lvl|coin|full -0.0213 -0.2423    NaN  1.9335  0.8060     NaN     NaN     NaN     NaN     NaN     NaN     NaN     NaN     NaN      NaN     NaN     NaN     NaN          NaN            NaN   1.7462 -0.0372
227  M6null                                          w_policy_rate_lvl|coin|exepi -0.0534 -0.6047    NaN  1.8926  0.5311     NaN     NaN     NaN     NaN     NaN     NaN     NaN     NaN     NaN      NaN     NaN     NaN     NaN          NaN            NaN   1.7462 -0.0932
228  M6null                                            w_policy_rate_lvl|rt0|full -0.0213 -0.2423    NaN  1.9335  0.8060     NaN     NaN     NaN     NaN     NaN     NaN     NaN     NaN     NaN      NaN     NaN     NaN     NaN          NaN            NaN   1.7462 -0.0372
229  M6null                                           w_policy_rate_lvl|rt0|exepi -0.0534 -0.6047    NaN  1.8926  0.5311     NaN     NaN     NaN     NaN     NaN     NaN     NaN     NaN     NaN      NaN     NaN     NaN     NaN          NaN            NaN   1.7462 -0.0932
230  M6null                                            w_policy_rate_lvl|rt1|full  0.0275  0.3128    NaN  1.9335  0.7512     NaN     NaN     NaN     NaN     NaN     NaN     NaN     NaN     NaN      NaN     NaN     NaN     NaN          NaN            NaN   1.7602  0.0483
231  M6null                                           w_policy_rate_lvl|rt1|exepi -0.0241 -0.2992    NaN  1.8926  0.7567     NaN     NaN     NaN     NaN     NaN     NaN     NaN     NaN     NaN      NaN     NaN     NaN     NaN          NaN            NaN   1.7602 -0.0424
232  M6null                                                w_gov10y_lvl|coin|full -0.0704 -0.7904    NaN  1.8670  0.4067     NaN     NaN     NaN     NaN     NaN     NaN     NaN     NaN     NaN      NaN     NaN     NaN     NaN          NaN            NaN   1.6418 -0.1155
233  M6null                                               w_gov10y_lvl|coin|exepi -0.1087 -1.3602    NaN  1.8795  0.1561     NaN     NaN     NaN     NaN     NaN     NaN     NaN     NaN     NaN      NaN     NaN     NaN     NaN          NaN            NaN   1.6418 -0.1785
234  M6null                                                 w_gov10y_lvl|rt0|full -0.0704 -0.7904    NaN  1.8670  0.4067     NaN     NaN     NaN     NaN     NaN     NaN     NaN     NaN     NaN      NaN     NaN     NaN     NaN          NaN            NaN   1.6418 -0.1155
235  M6null                                                w_gov10y_lvl|rt0|exepi -0.1087 -1.3602    NaN  1.8795  0.1561     NaN     NaN     NaN     NaN     NaN     NaN     NaN     NaN     NaN      NaN     NaN     NaN     NaN          NaN            NaN   1.6418 -0.1785
236  M6null                                                 w_gov10y_lvl|rt1|full -0.0303 -0.3238    NaN  1.8670  0.7339     NaN     NaN     NaN     NaN     NaN     NaN     NaN     NaN     NaN      NaN     NaN     NaN     NaN          NaN            NaN   1.6634 -0.0505
237  M6null                                                w_gov10y_lvl|rt1|exepi -0.0894 -1.1365    NaN  1.8795  0.2360     NaN     NaN     NaN     NaN     NaN     NaN     NaN     NaN     NaN      NaN     NaN     NaN     NaN          NaN            NaN   1.6634 -0.1488
238  M6null                                         elec_nordic_loc_yoy|coin|full -0.0055 -1.7502    NaN  2.4241  0.1570     NaN     NaN     NaN     NaN     NaN     NaN     NaN     NaN     NaN      NaN     NaN     NaN     NaN          NaN            NaN  61.9855 -0.3392
239  M6null                                        elec_nordic_loc_yoy|coin|exepi -0.0034 -0.8567    NaN  2.3213  0.4695     NaN     NaN     NaN     NaN     NaN     NaN     NaN     NaN     NaN      NaN     NaN     NaN     NaN          NaN            NaN  61.9855 -0.2079
240  M6null                                          elec_nordic_loc_yoy|rt0|full -0.0055 -1.7502    NaN  2.4241  0.1570     NaN     NaN     NaN     NaN     NaN     NaN     NaN     NaN     NaN      NaN     NaN     NaN     NaN          NaN            NaN  61.9855 -0.3392
241  M6null                                         elec_nordic_loc_yoy|rt0|exepi -0.0034 -0.8567    NaN  2.3213  0.4695     NaN     NaN     NaN     NaN     NaN     NaN     NaN     NaN     NaN      NaN     NaN     NaN     NaN          NaN            NaN  61.9855 -0.2079
242  M6null                                          elec_nordic_loc_yoy|rt1|full -0.0063 -1.9962    NaN  2.4241  0.1065     NaN     NaN     NaN     NaN     NaN     NaN     NaN     NaN     NaN      NaN     NaN     NaN     NaN          NaN            NaN  62.0835 -0.3906
243  M6null                                         elec_nordic_loc_yoy|rt1|exepi -0.0037 -0.9062    NaN  2.3213  0.4442     NaN     NaN     NaN     NaN     NaN     NaN     NaN     NaN     NaN      NaN     NaN     NaN     NaN          NaN            NaN  62.0835 -0.2277
244  M6null                                           natgas_eu_eur_yoy|coin|full -0.0062 -2.5093    NaN  2.6435  0.0628     NaN     NaN     NaN     NaN     NaN     NaN     NaN     NaN     NaN      NaN     NaN     NaN     NaN          NaN            NaN  57.6748 -0.3592
245  M6null                                          natgas_eu_eur_yoy|coin|exepi -0.0033 -0.8090    NaN  2.4062  0.5099     NaN     NaN     NaN     NaN     NaN     NaN     NaN     NaN     NaN      NaN     NaN     NaN     NaN          NaN            NaN  57.6748 -0.1912
246  M6null                                            natgas_eu_eur_yoy|rt0|full -0.0062 -2.5093    NaN  2.6435  0.0628     NaN     NaN     NaN     NaN     NaN     NaN     NaN     NaN     NaN      NaN     NaN     NaN     NaN          NaN            NaN  57.6748 -0.3592
247  M6null                                           natgas_eu_eur_yoy|rt0|exepi -0.0033 -0.8090    NaN  2.4062  0.5099     NaN     NaN     NaN     NaN     NaN     NaN     NaN     NaN     NaN      NaN     NaN     NaN     NaN          NaN            NaN  57.6748 -0.1912
248  M6null                                            natgas_eu_eur_yoy|rt1|full -0.0078 -3.1484    NaN  2.6909  0.0218     NaN     NaN     NaN     NaN     NaN     NaN     NaN     NaN     NaN      NaN     NaN     NaN     NaN          NaN            NaN  57.9547 -0.4542
249  M6null                                           natgas_eu_eur_yoy|rt1|exepi -0.0042 -1.1490    NaN  2.4249  0.3531     NaN     NaN     NaN     NaN     NaN     NaN     NaN     NaN     NaN      NaN     NaN     NaN     NaN          NaN            NaN  57.9547 -0.2436
250  M6null                                               brent_nok_yoy|coin|full -0.0123 -2.1732    NaN  2.4803  0.0859     NaN     NaN     NaN     NaN     NaN     NaN     NaN     NaN     NaN      NaN     NaN     NaN     NaN          NaN            NaN  28.6087 -0.3507
251  M6null                                              brent_nok_yoy|coin|exepi -0.0058 -1.3731    NaN  2.3363  0.2493     NaN     NaN     NaN     NaN     NaN     NaN     NaN     NaN     NaN      NaN     NaN     NaN     NaN          NaN            NaN  28.6087 -0.1654
252  M6null                                                brent_nok_yoy|rt0|full -0.0123 -2.1732    NaN  2.4803  0.0859     NaN     NaN     NaN     NaN     NaN     NaN     NaN     NaN     NaN      NaN     NaN     NaN     NaN          NaN            NaN  28.6087 -0.3507
253  M6null                                               brent_nok_yoy|rt0|exepi -0.0058 -1.3731    NaN  2.3363  0.2493     NaN     NaN     NaN     NaN     NaN     NaN     NaN     NaN     NaN      NaN     NaN     NaN     NaN          NaN            NaN  28.6087 -0.1654
254  M6null                                                brent_nok_yoy|rt1|full -0.0077 -1.2055    NaN  2.4803  0.3408     NaN     NaN     NaN     NaN     NaN     NaN     NaN     NaN     NaN      NaN     NaN     NaN     NaN          NaN            NaN  29.4289 -0.2278
255  M6null                                               brent_nok_yoy|rt1|exepi  0.0014  0.3564    NaN  2.3363  0.7649     NaN     NaN     NaN     NaN     NaN     NaN     NaN     NaN     NaN      NaN     NaN     NaN     NaN          NaN            NaN  29.4289  0.0419
256  M6null                                                  w_wage_yoy|coin|full -0.0582 -0.4946    NaN  2.2399  0.6651     NaN     NaN     NaN     NaN     NaN     NaN     NaN     NaN     NaN      NaN     NaN     NaN     NaN          NaN            NaN   1.5242 -0.0888
257  M6null                                                 w_wage_yoy|coin|exepi -0.0960 -0.8685    NaN  2.1533  0.4292     NaN     NaN     NaN     NaN     NaN     NaN     NaN     NaN     NaN      NaN     NaN     NaN     NaN          NaN            NaN   1.5242 -0.1463
258  M6null                                                   w_wage_yoy|rt0|full -0.0892 -0.7517    NaN  2.2399  0.5107     NaN     NaN     NaN     NaN     NaN     NaN     NaN     NaN     NaN      NaN     NaN     NaN     NaN          NaN            NaN   1.5298 -0.1365
259  M6null                                                  w_wage_yoy|rt0|exepi -0.1343 -1.2584    NaN  2.1533  0.2520     NaN     NaN     NaN     NaN     NaN     NaN     NaN     NaN     NaN      NaN     NaN     NaN     NaN          NaN            NaN   1.5298 -0.2055
260  M6null                                                   w_wage_yoy|rt1|full -0.0490 -0.4404    NaN  2.2399  0.6999     NaN     NaN     NaN     NaN     NaN     NaN     NaN     NaN     NaN      NaN     NaN     NaN     NaN          NaN            NaN   1.5397 -0.0755
261  M6null                                                  w_wage_yoy|rt1|exepi -0.1131 -1.2351    NaN  2.1533  0.2609     NaN     NaN     NaN     NaN     NaN     NaN     NaN     NaN     NaN      NaN     NaN     NaN     NaN          NaN            NaN   1.5397 -0.1742
262  M6null                                                 w_wage_dyoy|coin|full -0.0431 -0.7583    NaN  2.1979  0.4989     NaN     NaN     NaN     NaN     NaN     NaN     NaN     NaN     NaN      NaN     NaN     NaN     NaN          NaN            NaN   2.3008 -0.0991
263  M6null                                                w_wage_dyoy|coin|exepi -0.0367 -0.6296    NaN  2.1576  0.5674     NaN     NaN     NaN     NaN     NaN     NaN     NaN     NaN     NaN      NaN     NaN     NaN     NaN          NaN            NaN   2.3008 -0.0844
264  M6null                                                  w_wage_dyoy|rt0|full -0.1086 -1.9263    NaN  2.1979  0.0858     NaN     NaN     NaN     NaN     NaN     NaN     NaN     NaN     NaN      NaN     NaN     NaN     NaN          NaN            NaN   2.3090 -0.2507
265  M6null                                                 w_wage_dyoy|rt0|exepi -0.1062 -1.8278    NaN  2.1576  0.0968     NaN     NaN     NaN     NaN     NaN     NaN     NaN     NaN     NaN      NaN     NaN     NaN     NaN          NaN            NaN   2.3090 -0.2451
266  M6null                                                  w_wage_dyoy|rt1|full -0.0753 -1.7492    NaN  2.1979  0.1188     NaN     NaN     NaN     NaN     NaN     NaN     NaN     NaN     NaN      NaN     NaN     NaN     NaN          NaN            NaN   2.3041 -0.1735
267  M6null                                                 w_wage_dyoy|rt1|exepi -0.0933 -2.2673    NaN  2.1576  0.0394     NaN     NaN     NaN     NaN     NaN     NaN     NaN     NaN     NaN      NaN     NaN     NaN     NaN          NaN            NaN   2.3041 -0.2150
268  M6null                                            w_cons_conf_z_d4|coin|full  0.2439  0.9587    NaN  2.4325  0.4399     NaN     NaN     NaN     NaN     NaN     NaN     NaN     NaN     NaN      NaN     NaN     NaN     NaN          NaN            NaN   0.8754  0.2135
269  M6null                                           w_cons_conf_z_d4|coin|exepi -0.1190 -0.5386    NaN  2.5420  0.6779     NaN     NaN     NaN     NaN     NaN     NaN     NaN     NaN     NaN      NaN     NaN     NaN     NaN          NaN            NaN   0.8754 -0.1042
270  M6null                                             w_cons_conf_z_d4|rt0|full  0.2439  0.9587    NaN  2.4325  0.4399     NaN     NaN     NaN     NaN     NaN     NaN     NaN     NaN     NaN      NaN     NaN     NaN     NaN          NaN            NaN   0.8754  0.2135
271  M6null                                            w_cons_conf_z_d4|rt0|exepi -0.1190 -0.5386    NaN  2.5420  0.6779     NaN     NaN     NaN     NaN     NaN     NaN     NaN     NaN     NaN      NaN     NaN     NaN     NaN          NaN            NaN   0.8754 -0.1042
272  M6null                                             w_cons_conf_z_d4|rt1|full  0.1170  0.5375    NaN  2.4325  0.6649     NaN     NaN     NaN     NaN     NaN     NaN     NaN     NaN     NaN      NaN     NaN     NaN     NaN          NaN            NaN   0.8820  0.1032
273  M6null                                            w_cons_conf_z_d4|rt1|exepi -0.1427 -0.7070    NaN  2.5420  0.5857     NaN     NaN     NaN     NaN     NaN     NaN     NaN     NaN     NaN      NaN     NaN     NaN     NaN          NaN            NaN   0.8820 -0.1258
